Archive member included to satisfy reference by file (symbol)

d:/st/stm32cubeide_1.3.0/stm32cubeide/plugins/com.st.stm32cube.ide.mcu.externaltools.gnu-tools-for-stm32.7-2018-q2-update.win32_1.0.0.201904181610/tools/bin/../lib/gcc/arm-none-eabi/7.3.1/../../../../arm-none-eabi/lib/thumb/v7-m\libc_nano.a(lib_a-errno.o)
                              Core/Src/syscalls.o (__errno)
d:/st/stm32cubeide_1.3.0/stm32cubeide/plugins/com.st.stm32cube.ide.mcu.externaltools.gnu-tools-for-stm32.7-2018-q2-update.win32_1.0.0.201904181610/tools/bin/../lib/gcc/arm-none-eabi/7.3.1/../../../../arm-none-eabi/lib/thumb/v7-m\libc_nano.a(lib_a-exit.o)
                              d:/st/stm32cubeide_1.3.0/stm32cubeide/plugins/com.st.stm32cube.ide.mcu.externaltools.gnu-tools-for-stm32.7-2018-q2-update.win32_1.0.0.201904181610/tools/bin/../lib/gcc/arm-none-eabi/7.3.1/../../../../arm-none-eabi/lib/thumb/v7-m/crt0.o (exit)
d:/st/stm32cubeide_1.3.0/stm32cubeide/plugins/com.st.stm32cube.ide.mcu.externaltools.gnu-tools-for-stm32.7-2018-q2-update.win32_1.0.0.201904181610/tools/bin/../lib/gcc/arm-none-eabi/7.3.1/../../../../arm-none-eabi/lib/thumb/v7-m\libc_nano.a(lib_a-impure.o)
                              d:/st/stm32cubeide_1.3.0/stm32cubeide/plugins/com.st.stm32cube.ide.mcu.externaltools.gnu-tools-for-stm32.7-2018-q2-update.win32_1.0.0.201904181610/tools/bin/../lib/gcc/arm-none-eabi/7.3.1/../../../../arm-none-eabi/lib/thumb/v7-m\libc_nano.a(lib_a-exit.o) (_global_impure_ptr)
d:/st/stm32cubeide_1.3.0/stm32cubeide/plugins/com.st.stm32cube.ide.mcu.externaltools.gnu-tools-for-stm32.7-2018-q2-update.win32_1.0.0.201904181610/tools/bin/../lib/gcc/arm-none-eabi/7.3.1/../../../../arm-none-eabi/lib/thumb/v7-m\libc_nano.a(lib_a-init.o)
                              d:/st/stm32cubeide_1.3.0/stm32cubeide/plugins/com.st.stm32cube.ide.mcu.externaltools.gnu-tools-for-stm32.7-2018-q2-update.win32_1.0.0.201904181610/tools/bin/../lib/gcc/arm-none-eabi/7.3.1/../../../../arm-none-eabi/lib/thumb/v7-m/crt0.o (__libc_init_array)
d:/st/stm32cubeide_1.3.0/stm32cubeide/plugins/com.st.stm32cube.ide.mcu.externaltools.gnu-tools-for-stm32.7-2018-q2-update.win32_1.0.0.201904181610/tools/bin/../lib/gcc/arm-none-eabi/7.3.1/../../../../arm-none-eabi/lib/thumb/v7-m\libc_nano.a(lib_a-memset.o)
                              d:/st/stm32cubeide_1.3.0/stm32cubeide/plugins/com.st.stm32cube.ide.mcu.externaltools.gnu-tools-for-stm32.7-2018-q2-update.win32_1.0.0.201904181610/tools/bin/../lib/gcc/arm-none-eabi/7.3.1/../../../../arm-none-eabi/lib/thumb/v7-m/crt0.o (memset)

Allocating common symbols
Common symbol       size              file

aeb                 0x8               Core/Src/can.o
ledUsed             0x7               Core/Src/led.o
hcan                0x28              Core/Src/can.o
uwTick              0x4               Drivers/STM32F1xx_HAL_Driver/Src/stm32f1xx_hal.o
pFlash              0x20              Drivers/STM32F1xx_HAL_Driver/Src/stm32f1xx_hal_flash.o
msg11d              0x9               Core/Src/can.o
htim3               0x40              Core/Src/tim.o
huart1              0x40              Core/Src/usart.o
watchTx             0x8               Core/Src/can.o
blinkflag           0x8               Core/Src/led.o
msg11c              0x9               Core/Src/can.o
watchRx             0x8               Core/Src/can.o
msg11e              0x9               Core/Src/can.o
htim2               0x40              Core/Src/tim.o
msg11b              0x9               Core/Src/can.o
bsd                 0x8               Core/Src/can.o

Discarded input sections

 .text          0x0000000000000000        0x0 d:/st/stm32cubeide_1.3.0/stm32cubeide/plugins/com.st.stm32cube.ide.mcu.externaltools.gnu-tools-for-stm32.7-2018-q2-update.win32_1.0.0.201904181610/tools/bin/../lib/gcc/arm-none-eabi/7.3.1/thumb/v7-m/crti.o
 .data          0x0000000000000000        0x0 d:/st/stm32cubeide_1.3.0/stm32cubeide/plugins/com.st.stm32cube.ide.mcu.externaltools.gnu-tools-for-stm32.7-2018-q2-update.win32_1.0.0.201904181610/tools/bin/../lib/gcc/arm-none-eabi/7.3.1/thumb/v7-m/crti.o
 .bss           0x0000000000000000        0x0 d:/st/stm32cubeide_1.3.0/stm32cubeide/plugins/com.st.stm32cube.ide.mcu.externaltools.gnu-tools-for-stm32.7-2018-q2-update.win32_1.0.0.201904181610/tools/bin/../lib/gcc/arm-none-eabi/7.3.1/thumb/v7-m/crti.o
 .data          0x0000000000000000        0x4 d:/st/stm32cubeide_1.3.0/stm32cubeide/plugins/com.st.stm32cube.ide.mcu.externaltools.gnu-tools-for-stm32.7-2018-q2-update.win32_1.0.0.201904181610/tools/bin/../lib/gcc/arm-none-eabi/7.3.1/thumb/v7-m/crtbegin.o
 .text          0x0000000000000000       0x74 d:/st/stm32cubeide_1.3.0/stm32cubeide/plugins/com.st.stm32cube.ide.mcu.externaltools.gnu-tools-for-stm32.7-2018-q2-update.win32_1.0.0.201904181610/tools/bin/../lib/gcc/arm-none-eabi/7.3.1/../../../../arm-none-eabi/lib/thumb/v7-m/crt0.o
[...]
Memory Configuration

Name             Origin             Length             Attributes
RAM              0x0000000020000000 0x0000000000005000 xrw
FLASH            0x0000000008000000 0x0000000000010000 xr
*default*        0x0000000000000000 0xffffffffffffffff

Linker script and memory map

LOAD d:/st/stm32cubeide_1.3.0/stm32cubeide/plugins/com.st.stm32cube.ide.mcu.externaltools.gnu-tools-for-stm32.7-2018-q2-update.win32_1.0.0.201904181610/tools/bin/../lib/gcc/arm-none-eabi/7.3.1/thumb/v7-m/crti.o
LOAD d:/st/stm32cubeide_1.3.0/stm32cubeide/plugins/com.st.stm32cube.ide.mcu.externaltools.gnu-tools-for-stm32.7-2018-q2-update.win32_1.0.0.201904181610/tools/bin/../lib/gcc/arm-none-eabi/7.3.1/thumb/v7-m/crtbegin.o
LOAD d:/st/stm32cubeide_1.3.0/stm32cubeide/plugins/com.st.stm32cube.ide.mcu.externaltools.gnu-tools-for-stm32.7-2018-q2-update.win32_1.0.0.201904181610/tools/bin/../lib/gcc/arm-none-eabi/7.3.1/../../../../arm-none-eabi/lib/thumb/v7-m/crt0.o
LOAD Core/Src/Key.o
LOAD Core/Src/can.o
LOAD Core/Src/gpio.o
LOAD Core/Src/led.o
LOAD Core/Src/main.o
LOAD Core/Src/speaker.o
LOAD Core/Src/stm32f1xx_hal_msp.o
LOAD Core/Src/stm32f1xx_it.o
LOAD Core/Src/syscalls.o
LOAD Core/Src/sysmem.o
LOAD Core/Src/system_stm32f1xx.o
LOAD Core/Src/tim.o
LOAD Core/Src/usart.o
LOAD Core/Startup/startup_stm32f103c8tx.o
LOAD Drivers/STM32F1xx_HAL_Driver/Src/stm32f1xx_hal.o
LOAD Drivers/STM32F1xx_HAL_Driver/Src/stm32f1xx_hal_can.o
LOAD Drivers/STM32F1xx_HAL_Driver/Src/stm32f1xx_hal_cortex.o
LOAD Drivers/STM32F1xx_HAL_Driver/Src/stm32f1xx_hal_dma.o
LOAD Drivers/STM32F1xx_HAL_Driver/Src/stm32f1xx_hal_exti.o
LOAD Drivers/STM32F1xx_HAL_Driver/Src/stm32f1xx_hal_flash.o
LOAD Drivers/STM32F1xx_HAL_Driver/Src/stm32f1xx_hal_flash_ex.o
LOAD Drivers/STM32F1xx_HAL_Driver/Src/stm32f1xx_hal_gpio.o
LOAD Drivers/STM32F1xx_HAL_Driver/Src/stm32f1xx_hal_gpio_ex.o
LOAD Drivers/STM32F1xx_HAL_Driver/Src/stm32f1xx_hal_pwr.o
LOAD Drivers/STM32F1xx_HAL_Driver/Src/stm32f1xx_hal_rcc.o
LOAD Drivers/STM32F1xx_HAL_Driver/Src/stm32f1xx_hal_rcc_ex.o
LOAD Drivers/STM32F1xx_HAL_Driver/Src/stm32f1xx_hal_tim.o
LOAD Drivers/STM32F1xx_HAL_Driver/Src/stm32f1xx_hal_tim_ex.o
LOAD Drivers/STM32F1xx_HAL_Driver/Src/stm32f1xx_hal_uart.o
START GROUP
LOAD d:/st/stm32cubeide_1.3.0/stm32cubeide/plugins/com.st.stm32cube.ide.mcu.externaltools.gnu-tools-for-stm32.7-2018-q2-update.win32_1.0.0.201904181610/tools/bin/../lib/gcc/arm-none-eabi/7.3.1/../../../../arm-none-eabi/lib/thumb/v7-m\libc_nano.a
LOAD d:/st/stm32cubeide_1.3.0/stm32cubeide/plugins/com.st.stm32cube.ide.mcu.externaltools.gnu-tools-for-stm32.7-2018-q2-update.win32_1.0.0.201904181610/tools/bin/../lib/gcc/arm-none-eabi/7.3.1/../../../../arm-none-eabi/lib/thumb/v7-m\libm.a
END GROUP
START GROUP
LOAD d:/st/stm32cubeide_1.3.0/stm32cubeide/plugins/com.st.stm32cube.ide.mcu.externaltools.gnu-tools-for-stm32.7-2018-q2-update.win32_1.0.0.201904181610/tools/bin/../lib/gcc/arm-none-eabi/7.3.1/thumb/v7-m\libgcc.a
LOAD d:/st/stm32cubeide_1.3.0/stm32cubeide/plugins/com.st.stm32cube.ide.mcu.externaltools.gnu-tools-for-stm32.7-2018-q2-update.win32_1.0.0.201904181610/tools/bin/../lib/gcc/arm-none-eabi/7.3.1/../../../../arm-none-eabi/lib/thumb/v7-m\libc_nano.a
END GROUP
START GROUP
LOAD d:/st/stm32cubeide_1.3.0/stm32cubeide/plugins/com.st.stm32cube.ide.mcu.externaltools.gnu-tools-for-stm32.7-2018-q2-update.win32_1.0.0.201904181610/tools/bin/../lib/gcc/arm-none-eabi/7.3.1/thumb/v7-m\libgcc.a
LOAD d:/st/stm32cubeide_1.3.0/stm32cubeide/plugins/com.st.stm32cube.ide.mcu.externaltools.gnu-tools-for-stm32.7-2018-q2-update.win32_1.0.0.201904181610/tools/bin/../lib/gcc/arm-none-eabi/7.3.1/../../../../arm-none-eabi/lib/thumb/v7-m\libc_nano.a
LOAD d:/st/stm32cubeide_1.3.0/stm32cubeide/plugins/com.st.stm32cube.ide.mcu.externaltools.gnu-tools-for-stm32.7-2018-q2-update.win32_1.0.0.201904181610/tools/bin/../lib/gcc/arm-none-eabi/7.3.1/../../../../arm-none-eabi/lib/thumb/v7-m\libnosys.a
END GROUP
START GROUP
LOAD d:/st/stm32cubeide_1.3.0/stm32cubeide/plugins/com.st.stm32cube.ide.mcu.externaltools.gnu-tools-for-stm32.7-2018-q2-update.win32_1.0.0.201904181610/tools/bin/../lib/gcc/arm-none-eabi/7.3.1/thumb/v7-m\libgcc.a
LOAD d:/st/stm32cubeide_1.3.0/stm32cubeide/plugins/com.st.stm32cube.ide.mcu.externaltools.gnu-tools-for-stm32.7-2018-q2-update.win32_1.0.0.201904181610/tools/bin/../lib/gcc/arm-none-eabi/7.3.1/../../../../arm-none-eabi/lib/thumb/v7-m\libc_nano.a
LOAD d:/st/stm32cubeide_1.3.0/stm32cubeide/plugins/com.st.stm32cube.ide.mcu.externaltools.gnu-tools-for-stm32.7-2018-q2-update.win32_1.0.0.201904181610/tools/bin/../lib/gcc/arm-none-eabi/7.3.1/../../../../arm-none-eabi/lib/thumb/v7-m\libnosys.a
END GROUP
LOAD d:/st/stm32cubeide_1.3.0/stm32cubeide/plugins/com.st.stm32cube.ide.mcu.externaltools.gnu-tools-for-stm32.7-2018-q2-update.win32_1.0.0.201904181610/tools/bin/../lib/gcc/arm-none-eabi/7.3.1/thumb/v7-m/crtend.o
LOAD d:/st/stm32cubeide_1.3.0/stm32cubeide/plugins/com.st.stm32cube.ide.mcu.externaltools.gnu-tools-for-stm32.7-2018-q2-update.win32_1.0.0.201904181610/tools/bin/../lib/gcc/arm-none-eabi/7.3.1/thumb/v7-m/crtn.o
                0x0000000020005000                _estack = (ORIGIN (RAM) + LENGTH (RAM))
                0x0000000000000200                _Min_Heap_Size = 0x200
                0x0000000000000400                _Min_Stack_Size = 0x400

.isr_vector     0x0000000008000000      0x10c
                0x0000000008000000                . = ALIGN (0x4)
 *(.isr_vector)
 .isr_vector    0x0000000008000000      0x10c Core/Startup/startup_stm32f103c8tx.o
                0x0000000008000000                g_pfnVectors
                0x000000000800010c                . = ALIGN (0x4)

.text           0x000000000800010c     0x44ec
                0x000000000800010c                . = ALIGN (0x4)
 *(.text)
 .text          0x000000000800010c       0x40 d:/st/stm32cubeide_1.3.0/stm32cubeide/plugins/com.st.stm32cube.ide.mcu.externaltools.gnu-tools-for-stm32.7-2018-q2-update.win32_1.0.0.201904181610/tools/bin/../lib/gcc/arm-none-eabi/7.3.1/thumb/v7-m/crtbegin.o
 *(.text*)
 .text.ReadAebBtn
                0x000000000800014c       0x18 Core/Src/Key.o
                0x000000000800014c                ReadAebBtn
 .text.ReadVolumeBtn
                0x0000000008000164       0x18 Core/Src/Key.o
                0x0000000008000164                ReadVolumeBtn
 .text.ReadRevBtn
                0x000000000800017c       0x18 Core/Src/Key.o
                0x000000000800017c                ReadRevBtn
 .text.AebCb    0x0000000008000194       0x2c Core/Src/Key.o
                0x0000000008000194                AebCb
 .text.VolCb    0x00000000080001c0       0x74 Core/Src/Key.o
                0x00000000080001c0                VolCb
 .text.KeyInit  0x0000000008000234       0x88 Core/Src/Key.o
                0x0000000008000234                KeyInit
 .text.ScanOneKey
                0x00000000080002bc       0xb8 Core/Src/Key.o
                0x00000000080002bc                ScanOneKey
 .text.ScanKey  0x0000000008000374       0x1c Core/Src/Key.o
                0x0000000008000374                ScanKey
 .text.SetAebState
                0x0000000008000390       0x58 Core/Src/can.o
                0x0000000008000390                SetAebState
 .text.MX_CAN_Init
                0x00000000080003e8       0x6c Core/Src/can.o
                0x00000000080003e8                MX_CAN_Init
 .text.HAL_CAN_MspInit
                0x0000000008000454       0xa8 Core/Src/can.o
                0x0000000008000454                HAL_CAN_MspInit
 .text.CanFilterConfigScale16IdList
                0x00000000080004fc       0x88 Core/Src/can.o
                0x00000000080004fc                CanFilterConfigScale16IdList
 .text.CanTxMessage
                0x0000000008000584       0x78 Core/Src/can.o
                0x0000000008000584                CanTxMessage
 .text.HAL_CAN_RxFifo0MsgPendingCallback
                0x00000000080005fc       0x98 Core/Src/can.o
                0x00000000080005fc                HAL_CAN_RxFifo0MsgPendingCallback
 .text.CanDataAnalisys
                0x0000000008000694      0x614 Core/Src/can.o
                0x0000000008000694                CanDataAnalisys
 .text.MX_GPIO_Init
                0x0000000008000ca8      0x124 Core/Src/gpio.o
                0x0000000008000ca8                MX_GPIO_Init
 .text.GetHardwareType
                0x0000000008000dcc       0x20 Core/Src/gpio.o
                0x0000000008000dcc                GetHardwareType
 .text.SetLedRed
                0x0000000008000dec       0x70 Core/Src/gpio.o
                0x0000000008000dec                SetLedRed
 .text.SetLedGreen
                0x0000000008000e5c       0x74 Core/Src/gpio.o
                0x0000000008000e5c                SetLedGreen
 .text.LedDisplay
                0x0000000008000ed0      0x204 Core/Src/led.o
                0x0000000008000ed0                LedDisplay
 .text.SetLeftLine
                0x00000000080010d4       0x64 Core/Src/led.o
                0x00000000080010d4                SetLeftLine
 .text.SetRightLine
                0x0000000008001138       0x64 Core/Src/led.o
                0x0000000008001138                SetRightLine
 .text.SetCar   0x000000000800119c      0x118 Core/Src/led.o
                0x000000000800119c                SetCar
 .text.SetPeople
                0x00000000080012b4      0x11c Core/Src/led.o
                0x00000000080012b4                SetPeople
 .text.SetPoint
                0x00000000080013d0       0x64 Core/Src/led.o
                0x00000000080013d0                SetPoint
 .text.SetAeb   0x0000000008001434       0xbc Core/Src/led.o
                0x0000000008001434                SetAeb
 .text.SetFault
                0x00000000080014f0       0x64 Core/Src/led.o
                0x00000000080014f0                SetFault
 .text.SetDigitalNumLeft
                0x0000000008001554       0x28 Core/Src/led.o
                0x0000000008001554                SetDigitalNumLeft
 .text.SetDigitalNumRight
                0x000000000800157c       0x28 Core/Src/led.o
                0x000000000800157c                SetDigitalNumRight
 .text.AlarmKeyScan
                0x00000000080015a4       0xb0 Core/Src/main.o
                0x00000000080015a4                AlarmKeyScan
 .text.main     0x0000000008001654      0x204 Core/Src/main.o
                0x0000000008001654                main
 .text.SystemClock_Config
                0x0000000008001858       0x8a Core/Src/main.o
                0x0000000008001858                SystemClock_Config
 .text.Error_Handler
                0x00000000080018e2        0xc Core/Src/main.o
                0x00000000080018e2                Error_Handler
 *fill*         0x00000000080018ee        0x2 
 .text.OneLineSendData
                0x00000000080018f0       0xa0 Core/Src/speaker.o
                0x00000000080018f0                OneLineSendData
 .text.PlayVoice
                0x0000000008001990       0x40 Core/Src/speaker.o
                0x0000000008001990                PlayVoice
 .text.SetVolume
                0x00000000080019d0       0x54 Core/Src/speaker.o
                0x00000000080019d0                SetVolume
 .text.HAL_MspInit
                0x0000000008001a24       0x64 Core/Src/stm32f1xx_hal_msp.o
                0x0000000008001a24                HAL_MspInit
 .text.NMI_Handler
                0x0000000008001a88        0xc Core/Src/stm32f1xx_it.o
                0x0000000008001a88                NMI_Handler
 .text.HardFault_Handler
                0x0000000008001a94        0x6 Core/Src/stm32f1xx_it.o
                0x0000000008001a94                HardFault_Handler
 .text.MemManage_Handler
                0x0000000008001a9a        0x6 Core/Src/stm32f1xx_it.o
                0x0000000008001a9a                MemManage_Handler
 .text.BusFault_Handler
                0x0000000008001aa0        0x6 Core/Src/stm32f1xx_it.o
                0x0000000008001aa0                BusFault_Handler
 .text.UsageFault_Handler
                0x0000000008001aa6        0x6 Core/Src/stm32f1xx_it.o
                0x0000000008001aa6                UsageFault_Handler
 .text.SVC_Handler
                0x0000000008001aac        0xc Core/Src/stm32f1xx_it.o
                0x0000000008001aac                SVC_Handler
 .text.DebugMon_Handler
                0x0000000008001ab8        0xc Core/Src/stm32f1xx_it.o
                0x0000000008001ab8                DebugMon_Handler
 .text.PendSV_Handler
                0x0000000008001ac4        0xc Core/Src/stm32f1xx_it.o
                0x0000000008001ac4                PendSV_Handler
 .text.SysTick_Handler
                0x0000000008001ad0        0xc Core/Src/stm32f1xx_it.o
                0x0000000008001ad0                SysTick_Handler
 .text.USB_LP_CAN1_RX0_IRQHandler
                0x0000000008001adc       0x14 Core/Src/stm32f1xx_it.o
                0x0000000008001adc                USB_LP_CAN1_RX0_IRQHandler
 .text.TIM2_IRQHandler
                0x0000000008001af0       0x14 Core/Src/stm32f1xx_it.o
                0x0000000008001af0                TIM2_IRQHandler
 .text.TIM3_IRQHandler
                0x0000000008001b04       0x14 Core/Src/stm32f1xx_it.o
                0x0000000008001b04                TIM3_IRQHandler
 .text.SystemInit
                0x0000000008001b18       0x68 Core/Src/system_stm32f1xx.o
                0x0000000008001b18                SystemInit
 .text.MX_TIM2_Init
                0x0000000008001b80       0x98 Core/Src/tim.o
                0x0000000008001b80                MX_TIM2_Init
 .text.MX_TIM3_Init
                0x0000000008001c18       0x9c Core/Src/tim.o
                0x0000000008001c18                MX_TIM3_Init
 .text.HAL_TIM_Base_MspInit
                0x0000000008001cb4       0x80 Core/Src/tim.o
                0x0000000008001cb4                HAL_TIM_Base_MspInit
 .text.HAL_TIM_PeriodElapsedCallback
                0x0000000008001d34      0x22c Core/Src/tim.o
                0x0000000008001d34                HAL_TIM_PeriodElapsedCallback
 .text.Delay100Us
                0x0000000008001f60       0x2c Core/Src/tim.o
                0x0000000008001f60                Delay100Us
 .text.MX_USART1_UART_Init
                0x0000000008001f8c       0x54 Core/Src/usart.o
                0x0000000008001f8c                MX_USART1_UART_Init
 .text.HAL_UART_MspInit
                0x0000000008001fe0       0x98 Core/Src/usart.o
                0x0000000008001fe0                HAL_UART_MspInit
 .text.Reset_Handler
                0x0000000008002078       0x48 Core/Startup/startup_stm32f103c8tx.o
                0x0000000008002078                Reset_Handler
 .text.Default_Handler
                0x00000000080020c0        0x2 Core/Startup/startup_stm32f103c8tx.o
                0x00000000080020c0                RTC_Alarm_IRQHandler
                0x00000000080020c0                EXTI2_IRQHandler
                0x00000000080020c0                TIM1_CC_IRQHandler
                0x00000000080020c0                PVD_IRQHandler
                0x00000000080020c0                EXTI3_IRQHandler
                0x00000000080020c0                EXTI0_IRQHandler
                0x00000000080020c0                I2C2_EV_IRQHandler
                0x00000000080020c0                ADC1_2_IRQHandler
                0x00000000080020c0                SPI1_IRQHandler
                0x00000000080020c0                TAMPER_IRQHandler
                0x00000000080020c0                DMA1_Channel4_IRQHandler
                0x00000000080020c0                USART3_IRQHandler
                0x00000000080020c0                RTC_IRQHandler
                0x00000000080020c0                DMA1_Channel7_IRQHandler
                0x00000000080020c0                CAN1_RX1_IRQHandler
                0x00000000080020c0                TIM4_IRQHandler
                0x00000000080020c0                I2C1_EV_IRQHandler
                0x00000000080020c0                DMA1_Channel6_IRQHandler
                0x00000000080020c0                RCC_IRQHandler
                0x00000000080020c0                TIM1_TRG_COM_IRQHandler
                0x00000000080020c0                DMA1_Channel1_IRQHandler
                0x00000000080020c0                Default_Handler
                0x00000000080020c0                EXTI15_10_IRQHandler
                0x00000000080020c0                EXTI9_5_IRQHandler
                0x00000000080020c0                SPI2_IRQHandler
                0x00000000080020c0                DMA1_Channel5_IRQHandler
                0x00000000080020c0                EXTI4_IRQHandler
                0x00000000080020c0                USB_HP_CAN1_TX_IRQHandler
                0x00000000080020c0                DMA1_Channel3_IRQHandler
                0x00000000080020c0                TIM1_UP_IRQHandler
                0x00000000080020c0                WWDG_IRQHandler
                0x00000000080020c0                TIM1_BRK_IRQHandler
                0x00000000080020c0                EXTI1_IRQHandler
                0x00000000080020c0                USART2_IRQHandler
                0x00000000080020c0                I2C2_ER_IRQHandler
                0x00000000080020c0                DMA1_Channel2_IRQHandler
                0x00000000080020c0                CAN1_SCE_IRQHandler
                0x00000000080020c0                FLASH_IRQHandler
                0x00000000080020c0                USART1_IRQHandler
                0x00000000080020c0                I2C1_ER_IRQHandler
                0x00000000080020c0                USBWakeUp_IRQHandler
 *fill*         0x00000000080020c2        0x2 
 .text.HAL_Init
                0x00000000080020c4       0x2c Drivers/STM32F1xx_HAL_Driver/Src/stm32f1xx_hal.o
                0x00000000080020c4                HAL_Init
 .text.HAL_InitTick
                0x00000000080020f0       0x60 Drivers/STM32F1xx_HAL_Driver/Src/stm32f1xx_hal.o
                0x00000000080020f0                HAL_InitTick
 .text.HAL_IncTick
                0x0000000008002150       0x24 Drivers/STM32F1xx_HAL_Driver/Src/stm32f1xx_hal.o
                0x0000000008002150                HAL_IncTick
 .text.HAL_GetTick
                0x0000000008002174       0x14 Drivers/STM32F1xx_HAL_Driver/Src/stm32f1xx_hal.o
                0x0000000008002174                HAL_GetTick
 .text.HAL_Delay
                0x0000000008002188       0x44 Drivers/STM32F1xx_HAL_Driver/Src/stm32f1xx_hal.o
                0x0000000008002188                HAL_Delay
 .text.HAL_CAN_Init
                0x00000000080021cc      0x1f6 Drivers/STM32F1xx_HAL_Driver/Src/stm32f1xx_hal_can.o
                0x00000000080021cc                HAL_CAN_Init
 .text.HAL_CAN_ConfigFilter
                0x00000000080023c2      0x192 Drivers/STM32F1xx_HAL_Driver/Src/stm32f1xx_hal_can.o
                0x00000000080023c2                HAL_CAN_ConfigFilter
 .text.HAL_CAN_Start
                0x0000000008002554       0x88 Drivers/STM32F1xx_HAL_Driver/Src/stm32f1xx_hal_can.o
                0x0000000008002554                HAL_CAN_Start
 .text.HAL_CAN_AddTxMessage
                0x00000000080025dc      0x1b4 Drivers/STM32F1xx_HAL_Driver/Src/stm32f1xx_hal_can.o
                0x00000000080025dc                HAL_CAN_AddTxMessage
 .text.HAL_CAN_GetTxMailboxesFreeLevel
                0x0000000008002790       0x68 Drivers/STM32F1xx_HAL_Driver/Src/stm32f1xx_hal_can.o
                0x0000000008002790                HAL_CAN_GetTxMailboxesFreeLevel
 .text.HAL_CAN_GetRxMessage
                0x00000000080027f8      0x222 Drivers/STM32F1xx_HAL_Driver/Src/stm32f1xx_hal_can.o
                0x00000000080027f8                HAL_CAN_GetRxMessage
 .text.HAL_CAN_ActivateNotification
                0x0000000008002a1a       0x4a Drivers/STM32F1xx_HAL_Driver/Src/stm32f1xx_hal_can.o
                0x0000000008002a1a                HAL_CAN_ActivateNotification
 .text.HAL_CAN_IRQHandler
                0x0000000008002a64      0x362 Drivers/STM32F1xx_HAL_Driver/Src/stm32f1xx_hal_can.o
                0x0000000008002a64                HAL_CAN_IRQHandler
 .text.HAL_CAN_TxMailbox0CompleteCallback
                0x0000000008002dc6       0x12 Drivers/STM32F1xx_HAL_Driver/Src/stm32f1xx_hal_can.o
                0x0000000008002dc6                HAL_CAN_TxMailbox0CompleteCallback
 .text.HAL_CAN_TxMailbox1CompleteCallback
                0x0000000008002dd8       0x12 Drivers/STM32F1xx_HAL_Driver/Src/stm32f1xx_hal_can.o
                0x0000000008002dd8                HAL_CAN_TxMailbox1CompleteCallback
 .text.HAL_CAN_TxMailbox2CompleteCallback
                0x0000000008002dea       0x12 Drivers/STM32F1xx_HAL_Driver/Src/stm32f1xx_hal_can.o
                0x0000000008002dea                HAL_CAN_TxMailbox2CompleteCallback
 .text.HAL_CAN_TxMailbox0AbortCallback
                0x0000000008002dfc       0x12 Drivers/STM32F1xx_HAL_Driver/Src/stm32f1xx_hal_can.o
                0x0000000008002dfc                HAL_CAN_TxMailbox0AbortCallback
 .text.HAL_CAN_TxMailbox1AbortCallback
                0x0000000008002e0e       0x12 Drivers/STM32F1xx_HAL_Driver/Src/stm32f1xx_hal_can.o
                0x0000000008002e0e                HAL_CAN_TxMailbox1AbortCallback
 .text.HAL_CAN_TxMailbox2AbortCallback
                0x0000000008002e20       0x12 Drivers/STM32F1xx_HAL_Driver/Src/stm32f1xx_hal_can.o
                0x0000000008002e20                HAL_CAN_TxMailbox2AbortCallback
 .text.HAL_CAN_RxFifo0FullCallback
                0x0000000008002e32       0x12 Drivers/STM32F1xx_HAL_Driver/Src/stm32f1xx_hal_can.o
                0x0000000008002e32                HAL_CAN_RxFifo0FullCallback
 .text.HAL_CAN_RxFifo1MsgPendingCallback
                0x0000000008002e44       0x12 Drivers/STM32F1xx_HAL_Driver/Src/stm32f1xx_hal_can.o
                0x0000000008002e44                HAL_CAN_RxFifo1MsgPendingCallback
 .text.HAL_CAN_RxFifo1FullCallback
                0x0000000008002e56       0x12 Drivers/STM32F1xx_HAL_Driver/Src/stm32f1xx_hal_can.o
                0x0000000008002e56                HAL_CAN_RxFifo1FullCallback
 .text.HAL_CAN_SleepCallback
                0x0000000008002e68       0x12 Drivers/STM32F1xx_HAL_Driver/Src/stm32f1xx_hal_can.o
                0x0000000008002e68                HAL_CAN_SleepCallback
 .text.HAL_CAN_WakeUpFromRxMsgCallback
                0x0000000008002e7a       0x12 Drivers/STM32F1xx_HAL_Driver/Src/stm32f1xx_hal_can.o
                0x0000000008002e7a                HAL_CAN_WakeUpFromRxMsgCallback
 .text.HAL_CAN_ErrorCallback
                0x0000000008002e8c       0x12 Drivers/STM32F1xx_HAL_Driver/Src/stm32f1xx_hal_can.o
                0x0000000008002e8c                HAL_CAN_ErrorCallback
 *fill*         0x0000000008002e9e        0x2 
 .text.__NVIC_SetPriorityGrouping
                0x0000000008002ea0       0x48 Drivers/STM32F1xx_HAL_Driver/Src/stm32f1xx_hal_cortex.o
 .text.__NVIC_GetPriorityGrouping
                0x0000000008002ee8       0x1c Drivers/STM32F1xx_HAL_Driver/Src/stm32f1xx_hal_cortex.o
 .text.__NVIC_EnableIRQ
                0x0000000008002f04       0x38 Drivers/STM32F1xx_HAL_Driver/Src/stm32f1xx_hal_cortex.o
 .text.__NVIC_SetPriority
                0x0000000008002f3c       0x54 Drivers/STM32F1xx_HAL_Driver/Src/stm32f1xx_hal_cortex.o
 .text.NVIC_EncodePriority
                0x0000000008002f90       0x64 Drivers/STM32F1xx_HAL_Driver/Src/stm32f1xx_hal_cortex.o
 .text.SysTick_Config
                0x0000000008002ff4       0x44 Drivers/STM32F1xx_HAL_Driver/Src/stm32f1xx_hal_cortex.o
 .text.HAL_NVIC_SetPriorityGrouping
                0x0000000008003038       0x16 Drivers/STM32F1xx_HAL_Driver/Src/stm32f1xx_hal_cortex.o
                0x0000000008003038                HAL_NVIC_SetPriorityGrouping
 .text.HAL_NVIC_SetPriority
                0x000000000800304e       0x38 Drivers/STM32F1xx_HAL_Driver/Src/stm32f1xx_hal_cortex.o
                0x000000000800304e                HAL_NVIC_SetPriority
 .text.HAL_NVIC_EnableIRQ
                0x0000000008003086       0x1c Drivers/STM32F1xx_HAL_Driver/Src/stm32f1xx_hal_cortex.o
                0x0000000008003086                HAL_NVIC_EnableIRQ
 .text.HAL_SYSTICK_Config
                0x00000000080030a2       0x18 Drivers/STM32F1xx_HAL_Driver/Src/stm32f1xx_hal_cortex.o
                0x00000000080030a2                HAL_SYSTICK_Config
 *fill*         0x00000000080030ba        0x2 
 .text.HAL_GPIO_Init
                0x00000000080030bc      0x2b4 Drivers/STM32F1xx_HAL_Driver/Src/stm32f1xx_hal_gpio.o
                0x00000000080030bc                HAL_GPIO_Init
 .text.HAL_GPIO_ReadPin
                0x0000000008003370       0x2e Drivers/STM32F1xx_HAL_Driver/Src/stm32f1xx_hal_gpio.o
                0x0000000008003370                HAL_GPIO_ReadPin
 .text.HAL_GPIO_WritePin
                0x000000000800339e       0x30 Drivers/STM32F1xx_HAL_Driver/Src/stm32f1xx_hal_gpio.o
                0x000000000800339e                HAL_GPIO_WritePin
 .text.HAL_GPIO_TogglePin
                0x00000000080033ce       0x30 Drivers/STM32F1xx_HAL_Driver/Src/stm32f1xx_hal_gpio.o
                0x00000000080033ce                HAL_GPIO_TogglePin
 *fill*         0x00000000080033fe        0x2 
 .text.HAL_RCC_OscConfig
                0x0000000008003400      0x500 Drivers/STM32F1xx_HAL_Driver/Src/stm32f1xx_hal_rcc.o
                0x0000000008003400                HAL_RCC_OscConfig
 .text.HAL_RCC_ClockConfig
                0x0000000008003900      0x1d4 Drivers/STM32F1xx_HAL_Driver/Src/stm32f1xx_hal_rcc.o
                0x0000000008003900                HAL_RCC_ClockConfig
 .text.HAL_RCC_GetSysClockFreq
                0x0000000008003ad4       0xc4 Drivers/STM32F1xx_HAL_Driver/Src/stm32f1xx_hal_rcc.o
                0x0000000008003ad4                HAL_RCC_GetSysClockFreq
 .text.HAL_RCC_GetHCLKFreq
                0x0000000008003b98       0x14 Drivers/STM32F1xx_HAL_Driver/Src/stm32f1xx_hal_rcc.o
                0x0000000008003b98                HAL_RCC_GetHCLKFreq
 .text.HAL_RCC_GetPCLK1Freq
                0x0000000008003bac       0x28 Drivers/STM32F1xx_HAL_Driver/Src/stm32f1xx_hal_rcc.o
                0x0000000008003bac                HAL_RCC_GetPCLK1Freq
 .text.HAL_RCC_GetPCLK2Freq
                0x0000000008003bd4       0x28 Drivers/STM32F1xx_HAL_Driver/Src/stm32f1xx_hal_rcc.o
                0x0000000008003bd4                HAL_RCC_GetPCLK2Freq
 .text.RCC_Delay
                0x0000000008003bfc       0x3c Drivers/STM32F1xx_HAL_Driver/Src/stm32f1xx_hal_rcc.o
 .text.HAL_TIM_Base_Init
                0x0000000008003c38       0x56 Drivers/STM32F1xx_HAL_Driver/Src/stm32f1xx_hal_tim.o
                0x0000000008003c38                HAL_TIM_Base_Init
 .text.HAL_TIM_Base_Start_IT
                0x0000000008003c8e       0x46 Drivers/STM32F1xx_HAL_Driver/Src/stm32f1xx_hal_tim.o
                0x0000000008003c8e                HAL_TIM_Base_Start_IT
 .text.HAL_TIM_IRQHandler
                0x0000000008003cd4      0x210 Drivers/STM32F1xx_HAL_Driver/Src/stm32f1xx_hal_tim.o
                0x0000000008003cd4                HAL_TIM_IRQHandler
 .text.HAL_TIM_ConfigClockSource
                0x0000000008003ee4      0x16e Drivers/STM32F1xx_HAL_Driver/Src/stm32f1xx_hal_tim.o
                0x0000000008003ee4                HAL_TIM_ConfigClockSource
 .text.HAL_TIM_OC_DelayElapsedCallback
                0x0000000008004052       0x12 Drivers/STM32F1xx_HAL_Driver/Src/stm32f1xx_hal_tim.o
                0x0000000008004052                HAL_TIM_OC_DelayElapsedCallback
 .text.HAL_TIM_IC_CaptureCallback
                0x0000000008004064       0x12 Drivers/STM32F1xx_HAL_Driver/Src/stm32f1xx_hal_tim.o
                0x0000000008004064                HAL_TIM_IC_CaptureCallback
 .text.HAL_TIM_PWM_PulseFinishedCallback
                0x0000000008004076       0x12 Drivers/STM32F1xx_HAL_Driver/Src/stm32f1xx_hal_tim.o
                0x0000000008004076                HAL_TIM_PWM_PulseFinishedCallback
 .text.HAL_TIM_TriggerCallback
                0x0000000008004088       0x12 Drivers/STM32F1xx_HAL_Driver/Src/stm32f1xx_hal_tim.o
                0x0000000008004088                HAL_TIM_TriggerCallback
 *fill*         0x000000000800409a        0x2 
 .text.TIM_Base_SetConfig
                0x000000000800409c       0xc4 Drivers/STM32F1xx_HAL_Driver/Src/stm32f1xx_hal_tim.o
                0x000000000800409c                TIM_Base_SetConfig
 .text.TIM_TI1_ConfigInputStage
                0x0000000008004160       0x5c Drivers/STM32F1xx_HAL_Driver/Src/stm32f1xx_hal_tim.o
 .text.TIM_TI2_ConfigInputStage
                0x00000000080041bc       0x5e Drivers/STM32F1xx_HAL_Driver/Src/stm32f1xx_hal_tim.o
 .text.TIM_ITRx_SetConfig
                0x000000000800421a       0x34 Drivers/STM32F1xx_HAL_Driver/Src/stm32f1xx_hal_tim.o
 .text.TIM_ETR_SetConfig
                0x000000000800424e       0x3e Drivers/STM32F1xx_HAL_Driver/Src/stm32f1xx_hal_tim.o
                0x000000000800424e                TIM_ETR_SetConfig
 .text.HAL_TIMEx_MasterConfigSynchronization
                0x000000000800428c       0x88 Drivers/STM32F1xx_HAL_Driver/Src/stm32f1xx_hal_tim_ex.o
                0x000000000800428c                HAL_TIMEx_MasterConfigSynchronization
 .text.HAL_TIMEx_CommutCallback
                0x0000000008004314       0x12 Drivers/STM32F1xx_HAL_Driver/Src/stm32f1xx_hal_tim_ex.o
                0x0000000008004314                HAL_TIMEx_CommutCallback
 .text.HAL_TIMEx_BreakCallback
                0x0000000008004326       0x12 Drivers/STM32F1xx_HAL_Driver/Src/stm32f1xx_hal_tim_ex.o
                0x0000000008004326                HAL_TIMEx_BreakCallback
 .text.HAL_UART_Init
                0x0000000008004338       0x9a Drivers/STM32F1xx_HAL_Driver/Src/stm32f1xx_hal_uart.o
                0x0000000008004338                HAL_UART_Init
 *fill*         0x00000000080043d2        0x2 
 .text.UART_SetConfig
                0x00000000080043d4      0x1b4 Drivers/STM32F1xx_HAL_Driver/Src/stm32f1xx_hal_uart.o
 .text.__libc_init_array
                0x0000000008004588       0x48 d:/st/stm32cubeide_1.3.0/stm32cubeide/plugins/com.st.stm32cube.ide.mcu.externaltools.gnu-tools-for-stm32.7-2018-q2-update.win32_1.0.0.201904181610/tools/bin/../lib/gcc/arm-none-eabi/7.3.1/../../../../arm-none-eabi/lib/thumb/v7-m\libc_nano.a(lib_a-init.o)
                0x0000000008004588                __libc_init_array
 .text.memset   0x00000000080045d0       0x10 d:/st/stm32cubeide_1.3.0/stm32cubeide/plugins/com.st.stm32cube.ide.mcu.externaltools.gnu-tools-for-stm32.7-2018-q2-update.win32_1.0.0.201904181610/tools/bin/../lib/gcc/arm-none-eabi/7.3.1/../../../../arm-none-eabi/lib/thumb/v7-m\libc_nano.a(lib_a-memset.o)
                0x00000000080045d0                memset
 *(.glue_7)
 .glue_7        0x00000000080045e0        0x0 linker stubs
 *(.glue_7t)
 .glue_7t       0x00000000080045e0        0x0 linker stubs
 *(.eh_frame)
 .eh_frame      0x00000000080045e0        0x0 d:/st/stm32cubeide_1.3.0/stm32cubeide/plugins/com.st.stm32cube.ide.mcu.externaltools.gnu-tools-for-stm32.7-2018-q2-update.win32_1.0.0.201904181610/tools/bin/../lib/gcc/arm-none-eabi/7.3.1/thumb/v7-m/crtbegin.o
 *(.init)
 .init          0x00000000080045e0        0x4 d:/st/stm32cubeide_1.3.0/stm32cubeide/plugins/com.st.stm32cube.ide.mcu.externaltools.gnu-tools-for-stm32.7-2018-q2-update.win32_1.0.0.201904181610/tools/bin/../lib/gcc/arm-none-eabi/7.3.1/thumb/v7-m/crti.o
                0x00000000080045e0                _init
 .init          0x00000000080045e4        0x8 d:/st/stm32cubeide_1.3.0/stm32cubeide/plugins/com.st.stm32cube.ide.mcu.externaltools.gnu-tools-for-stm32.7-2018-q2-update.win32_1.0.0.201904181610/tools/bin/../lib/gcc/arm-none-eabi/7.3.1/thumb/v7-m/crtn.o
 *(.fini)
 .fini          0x00000000080045ec        0x4 d:/st/stm32cubeide_1.3.0/stm32cubeide/plugins/com.st.stm32cube.ide.mcu.externaltools.gnu-tools-for-stm32.7-2018-q2-update.win32_1.0.0.201904181610/tools/bin/../lib/gcc/arm-none-eabi/7.3.1/thumb/v7-m/crti.o
                0x00000000080045ec                _fini
 .fini          0x00000000080045f0        0x8 d:/st/stm32cubeide_1.3.0/stm32cubeide/plugins/com.st.stm32cube.ide.mcu.externaltools.gnu-tools-for-stm32.7-2018-q2-update.win32_1.0.0.201904181610/tools/bin/../lib/gcc/arm-none-eabi/7.3.1/thumb/v7-m/crtn.o
                0x00000000080045f8                . = ALIGN (0x4)
                0x00000000080045f8                _etext = .

.vfp11_veneer   0x00000000080045f8        0x0
 .vfp11_veneer  0x00000000080045f8        0x0 linker stubs

.v4_bx          0x00000000080045f8        0x0
 .v4_bx         0x00000000080045f8        0x0 linker stubs

.iplt           0x00000000080045f8        0x0
 .iplt          0x00000000080045f8        0x0 d:/st/stm32cubeide_1.3.0/stm32cubeide/plugins/com.st.stm32cube.ide.mcu.externaltools.gnu-tools-for-stm32.7-2018-q2-update.win32_1.0.0.201904181610/tools/bin/../lib/gcc/arm-none-eabi/7.3.1/thumb/v7-m/crtbegin.o

.rodata         0x00000000080045f8       0x2c
                0x00000000080045f8                . = ALIGN (0x4)
 *(.rodata)
 .rodata        0x00000000080045f8       0x12 Drivers/STM32F1xx_HAL_Driver/Src/stm32f1xx_hal_rcc.o
 *(.rodata*)
 *fill*         0x000000000800460a        0x2 
 .rodata.AHBPrescTable
                0x000000000800460c       0x10 Core/Src/system_stm32f1xx.o
                0x000000000800460c                AHBPrescTable
 .rodata.APBPrescTable
                0x000000000800461c        0x8 Core/Src/system_stm32f1xx.o
                0x000000000800461c                APBPrescTable
                0x0000000008004624                . = ALIGN (0x4)

.rel.dyn        0x0000000008004624        0x0
 .rel.iplt      0x0000000008004624        0x0 d:/st/stm32cubeide_1.3.0/stm32cubeide/plugins/com.st.stm32cube.ide.mcu.externaltools.gnu-tools-for-stm32.7-2018-q2-update.win32_1.0.0.201904181610/tools/bin/../lib/gcc/arm-none-eabi/7.3.1/thumb/v7-m/crtbegin.o

.ARM.extab      0x0000000008004624        0x0
                0x0000000008004624                . = ALIGN (0x4)
 *(.ARM.extab* .gnu.linkonce.armextab.*)
                0x0000000008004624                . = ALIGN (0x4)

.ARM            0x0000000008004624        0x0
                0x0000000008004624                . = ALIGN (0x4)
                0x0000000008004624                __exidx_start = .
 *(.ARM.exidx*)
                0x0000000008004624                __exidx_end = .
                0x0000000008004624                . = ALIGN (0x4)

.preinit_array  0x0000000008004624        0x0
                0x0000000008004624                . = ALIGN (0x4)
                0x0000000008004624                PROVIDE (__preinit_array_start = .)
 *(.preinit_array*)
                0x0000000008004624                PROVIDE (__preinit_array_end = .)
                0x0000000008004624                . = ALIGN (0x4)

.init_array     0x0000000008004624        0x4
                0x0000000008004624                . = ALIGN (0x4)
                0x0000000008004624                PROVIDE (__init_array_start = .)
 *(SORT_BY_NAME(.init_array.*))
 *(.init_array*)
 .init_array    0x0000000008004624        0x4 d:/st/stm32cubeide_1.3.0/stm32cubeide/plugins/com.st.stm32cube.ide.mcu.externaltools.gnu-tools-for-stm32.7-2018-q2-update.win32_1.0.0.201904181610/tools/bin/../lib/gcc/arm-none-eabi/7.3.1/thumb/v7-m/crtbegin.o
                0x0000000008004628                PROVIDE (__init_array_end = .)
                0x0000000008004628                . = ALIGN (0x4)

.fini_array     0x0000000008004628        0x4
                0x0000000008004628                . = ALIGN (0x4)
                [!provide]                        PROVIDE (__fini_array_start = .)
 *(SORT_BY_NAME(.fini_array.*))
 *(.fini_array*)
 .fini_array    0x0000000008004628        0x4 d:/st/stm32cubeide_1.3.0/stm32cubeide/plugins/com.st.stm32cube.ide.mcu.externaltools.gnu-tools-for-stm32.7-2018-q2-update.win32_1.0.0.201904181610/tools/bin/../lib/gcc/arm-none-eabi/7.3.1/thumb/v7-m/crtbegin.o
                [!provide]                        PROVIDE (__fini_array_end = .)
                0x000000000800462c                . = ALIGN (0x4)
                0x000000000800462c                _sidata = LOADADDR (.data)

.data           0x0000000020000000       0x1c load address 0x000000000800462c
                0x0000000020000000                . = ALIGN (0x4)
                0x0000000020000000                _sdata = .
 *(.data)
 *(.data*)
 .data.numTab   0x0000000020000000       0x10 Core/Src/main.o
                0x0000000020000000                numTab
 .data.SystemCoreClock
                0x0000000020000010        0x4 Core/Src/system_stm32f1xx.o
                0x0000000020000010                SystemCoreClock
 .data.uwTickPrio
                0x0000000020000014        0x4 Drivers/STM32F1xx_HAL_Driver/Src/stm32f1xx_hal.o
                0x0000000020000014                uwTickPrio
 .data.uwTickFreq
                0x0000000020000018        0x1 Drivers/STM32F1xx_HAL_Driver/Src/stm32f1xx_hal.o
                0x0000000020000018                uwTickFreq
                0x000000002000001c                . = ALIGN (0x4)
 *fill*         0x0000000020000019        0x3 
                0x000000002000001c                _edata = .

.igot.plt       0x000000002000001c        0x0 load address 0x0000000008004648
 .igot.plt      0x000000002000001c        0x0 d:/st/stm32cubeide_1.3.0/stm32cubeide/plugins/com.st.stm32cube.ide.mcu.externaltools.gnu-tools-for-stm32.7-2018-q2-update.win32_1.0.0.201904181610/tools/bin/../lib/gcc/arm-none-eabi/7.3.1/thumb/v7-m/crtbegin.o
                0x000000002000001c                . = ALIGN (0x4)

.bss            0x000000002000001c      0x1d0 load address 0x0000000008004648
                0x000000002000001c                _sbss = .
                0x000000002000001c                __bss_start__ = _sbss
 *(.bss)
 .bss           0x000000002000001c       0x1c d:/st/stm32cubeide_1.3.0/stm32cubeide/plugins/com.st.stm32cube.ide.mcu.externaltools.gnu-tools-for-stm32.7-2018-q2-update.win32_1.0.0.201904181610/tools/bin/../lib/gcc/arm-none-eabi/7.3.1/thumb/v7-m/crtbegin.o
 *(.bss*)
 .bss.aebKey    0x0000000020000038       0x14 Core/Src/Key.o
                0x0000000020000038                aebKey
 .bss.volumeKey
                0x000000002000004c       0x14 Core/Src/Key.o
                0x000000002000004c                volumeKey
 .bss.reserveKey
                0x0000000020000060       0x14 Core/Src/Key.o
                0x0000000020000060                reserveKey
 .bss.volCnt.6810
                0x0000000020000074        0x1 Core/Src/Key.o
 .bss.hardware  0x0000000020000075        0x1 Core/Src/can.o
                0x0000000020000075                hardware
 *fill*         0x0000000020000076        0x2 
 .bss.tick      0x0000000020000078        0x4 Core/Src/main.o
                0x0000000020000078                tick
 .bss.latchSta  0x000000002000007c        0x4 Core/Src/main.o
                0x000000002000007c                latchSta
 .bss.keyCnt    0x0000000020000080        0x4 Core/Src/main.o
                0x0000000020000080                keyCnt
 .bss.volCnt    0x0000000020000084        0x4 Core/Src/main.o
                0x0000000020000084                volCnt
 .bss.led       0x0000000020000088       0x10 Core/Src/main.o
                0x0000000020000088                led
 .bss.voice     0x0000000020000098        0x1 Core/Src/speaker.o
 *fill*         0x0000000020000099        0x3 
 .bss.usCnt100  0x000000002000009c        0x4 Core/Src/tim.o
                0x000000002000009c                usCnt100
 *(COMMON)
 COMMON         0x00000000200000a0       0x78 Core/Src/can.o
                0x00000000200000a0                aeb
                0x00000000200000a8                hcan
                0x00000000200000d0                msg11d
                0x00000000200000dc                watchTx
                0x00000000200000e4                msg11c
                0x00000000200000f0                watchRx
                0x00000000200000f8                msg11e
                0x0000000020000104                msg11b
                0x0000000020000110                bsd
 COMMON         0x0000000020000118       0x10 Core/Src/led.o
                0x0000000020000118                ledUsed
                0x0000000020000120                blinkflag
 COMMON         0x0000000020000128       0x80 Core/Src/tim.o
                0x0000000020000128                htim3
                0x0000000020000168                htim2
 COMMON         0x00000000200001a8       0x40 Core/Src/usart.o
                0x00000000200001a8                huart1
 COMMON         0x00000000200001e8        0x4 Drivers/STM32F1xx_HAL_Driver/Src/stm32f1xx_hal.o
                0x00000000200001e8                uwTick
                0x00000000200001ec                . = ALIGN (0x4)
                0x00000000200001ec                _ebss = .
                0x00000000200001ec                __bss_end__ = _ebss

._user_heap_stack
                0x00000000200001ec      0x604 load address 0x0000000008004648
                0x00000000200001f0                . = ALIGN (0x8)
 *fill*         0x00000000200001ec        0x4 
                0x00000000200001f0                PROVIDE (end = .)
                [!provide]                        PROVIDE (_end = .)
                0x00000000200003f0                . = (. + _Min_Heap_Size)
 *fill*         0x00000000200001f0      0x200 
                0x00000000200007f0                . = (. + _Min_Stack_Size)
 *fill*         0x00000000200003f0      0x400 
                0x00000000200007f0                . = ALIGN (0x8)

/DISCARD/
 libc.a(*)
 libm.a(*)
 libgcc.a(*)

.ARM.attributes
                0x0000000000000000       0x29
 *(.ARM.attributes)
 .ARM.attributes
                0x0000000000000000       0x1d d:/st/stm32cubeide_1.3.0/stm32cubeide/plugins/com.st.stm32cube.ide.mcu.externaltools.gnu-tools-for-stm32.7-2018-q2-update.win32_1.0.0.201904181610/tools/bin/../lib/gcc/arm-none-eabi/7.3.1/thumb/v7-m/crti.o
 .ARM.attributes
                0x000000000000001d       0x2d d:/st/stm32cubeide_1.3.0/stm32cubeide/plugins/com.st.stm32cube.ide.mcu.externaltools.gnu-tools-for-stm32.7-2018-q2-update.win32_1.0.0.201904181610/tools/bin/../lib/gcc/arm-none-eabi/7.3.1/thumb/v7-m/crtbegin.o
 .ARM.attributes
                0x000000000000004a       0x33 Core/Src/Key.o
 .ARM.attributes
                0x000000000000007d       0x33 Core/Src/can.o
 .ARM.attributes
                0x00000000000000b0       0x33 Core/Src/gpio.o
 .ARM.attributes
                0x00000000000000e3       0x33 Core/Src/led.o
 .ARM.attributes
                0x0000000000000116       0x33 Core/Src/main.o
 .ARM.attributes
                0x0000000000000149       0x33 Core/Src/speaker.o
 .ARM.attributes
                0x000000000000017c       0x33 Core/Src/stm32f1xx_hal_msp.o
 .ARM.attributes
                0x00000000000001af       0x33 Core/Src/stm32f1xx_it.o
 .ARM.attributes
                0x00000000000001e2       0x33 Core/Src/system_stm32f1xx.o
 .ARM.attributes
                0x0000000000000215       0x33 Core/Src/tim.o
 .ARM.attributes
                0x0000000000000248       0x33 Core/Src/usart.o
 .ARM.attributes
                0x000000000000027b       0x21 Core/Startup/startup_stm32f103c8tx.o
 .ARM.attributes
                0x000000000000029c       0x33 Drivers/STM32F1xx_HAL_Driver/Src/stm32f1xx_hal.o
 .ARM.attributes
                0x00000000000002cf       0x33 Drivers/STM32F1xx_HAL_Driver/Src/stm32f1xx_hal_can.o
 .ARM.attributes
                0x0000000000000302       0x33 Drivers/STM32F1xx_HAL_Driver/Src/stm32f1xx_hal_cortex.o
 .ARM.attributes
                0x0000000000000335       0x33 Drivers/STM32F1xx_HAL_Driver/Src/stm32f1xx_hal_gpio.o
 .ARM.attributes
                0x0000000000000368       0x33 Drivers/STM32F1xx_HAL_Driver/Src/stm32f1xx_hal_rcc.o
 .ARM.attributes
                0x000000000000039b       0x33 Drivers/STM32F1xx_HAL_Driver/Src/stm32f1xx_hal_tim.o
 .ARM.attributes
                0x00000000000003ce       0x33 Drivers/STM32F1xx_HAL_Driver/Src/stm32f1xx_hal_tim_ex.o
 .ARM.attributes
                0x0000000000000401       0x33 Drivers/STM32F1xx_HAL_Driver/Src/stm32f1xx_hal_uart.o
 .ARM.attributes
                0x0000000000000434       0x2d d:/st/stm32cubeide_1.3.0/stm32cubeide/plugins/com.st.stm32cube.ide.mcu.externaltools.gnu-tools-for-stm32.7-2018-q2-update.win32_1.0.0.201904181610/tools/bin/../lib/gcc/arm-none-eabi/7.3.1/../../../../arm-none-eabi/lib/thumb/v7-m\libc_nano.a(lib_a-init.o)
 .ARM.attributes
                0x0000000000000461       0x2d d:/st/stm32cubeide_1.3.0/stm32cubeide/plugins/com.st.stm32cube.ide.mcu.externaltools.gnu-tools-for-stm32.7-2018-q2-update.win32_1.0.0.201904181610/tools/bin/../lib/gcc/arm-none-eabi/7.3.1/../../../../arm-none-eabi/lib/thumb/v7-m\libc_nano.a(lib_a-memset.o)
 .ARM.attributes
                0x000000000000048e       0x1d d:/st/stm32cubeide_1.3.0/stm32cubeide/plugins/com.st.stm32cube.ide.mcu.externaltools.gnu-tools-for-stm32.7-2018-q2-update.win32_1.0.0.201904181610/tools/bin/../lib/gcc/arm-none-eabi/7.3.1/thumb/v7-m/crtn.o
OUTPUT(WatchV02.elf elf32-littlearm)

.debug_info     0x0000000000000000    0x14f7a
 .debug_info    0x0000000000000000     0x1906 Core/Src/Key.o
 .debug_info    0x0000000000001906     0x1e1b Core/Src/can.o
 .debug_info    0x0000000000003721     0x1308 Core/Src/gpio.o
 .debug_info    0x0000000000004a29     0x127b Core/Src/led.o
 .debug_info    0x0000000000005ca4     0x1ba5 Core/Src/main.o
 .debug_info    0x0000000000007849     0x1959 Core/Src/speaker.o
 .debug_info    0x00000000000091a2      0xadd Core/Src/stm32f1xx_hal_msp.o
 .debug_info    0x0000000000009c7f     0x1271 Core/Src/stm32f1xx_it.o
 .debug_info    0x000000000000aef0      0x433 Core/Src/system_stm32f1xx.o
 .debug_info    0x000000000000b323     0x14e5 Core/Src/tim.o
 .debug_info    0x000000000000c808      0xfb8 Core/Src/usart.o
 .debug_info    0x000000000000d7c0       0x22 Core/Startup/startup_stm32f103c8tx.o
 .debug_info    0x000000000000d7e2      0x6fe Drivers/STM32F1xx_HAL_Driver/Src/stm32f1xx_hal.o
 .debug_info    0x000000000000dee0      0xf92 Drivers/STM32F1xx_HAL_Driver/Src/stm32f1xx_hal_can.o
 .debug_info    0x000000000000ee72      0xb46 Drivers/STM32F1xx_HAL_Driver/Src/stm32f1xx_hal_cortex.o
 .debug_info    0x000000000000f9b8      0x681 Drivers/STM32F1xx_HAL_Driver/Src/stm32f1xx_hal_gpio.o
 .debug_info    0x0000000000010039      0x804 Drivers/STM32F1xx_HAL_Driver/Src/stm32f1xx_hal_rcc.o
 .debug_info    0x000000000001083d     0x2456 Drivers/STM32F1xx_HAL_Driver/Src/stm32f1xx_hal_tim.o
 .debug_info    0x0000000000012c93     0x1104 Drivers/STM32F1xx_HAL_Driver/Src/stm32f1xx_hal_tim_ex.o
 .debug_info    0x0000000000013d97     0x11e3 Drivers/STM32F1xx_HAL_Driver/Src/stm32f1xx_hal_uart.o

.debug_abbrev   0x0000000000000000     0x2b82
 .debug_abbrev  0x0000000000000000      0x2cd Core/Src/Key.o
 .debug_abbrev  0x00000000000002cd      0x32e Core/Src/can.o
 .debug_abbrev  0x00000000000005fb      0x27b Core/Src/gpio.o
 .debug_abbrev  0x0000000000000876      0x2b3 Core/Src/led.o
 .debug_abbrev  0x0000000000000b29      0x2ca Core/Src/main.o
 .debug_abbrev  0x0000000000000df3      0x298 Core/Src/speaker.o
 .debug_abbrev  0x000000000000108b      0x1c5 Core/Src/stm32f1xx_hal_msp.o
 .debug_abbrev  0x0000000000001250      0x1f6 Core/Src/stm32f1xx_it.o
 .debug_abbrev  0x0000000000001446      0x134 Core/Src/system_stm32f1xx.o
 .debug_abbrev  0x000000000000157a      0x2ad Core/Src/tim.o
 .debug_abbrev  0x0000000000001827      0x1fb Core/Src/usart.o
 .debug_abbrev  0x0000000000001a22       0x12 Core/Startup/startup_stm32f103c8tx.o
 .debug_abbrev  0x0000000000001a34      0x1d8 Drivers/STM32F1xx_HAL_Driver/Src/stm32f1xx_hal.o
 .debug_abbrev  0x0000000000001c0c      0x20e Drivers/STM32F1xx_HAL_Driver/Src/stm32f1xx_hal_can.o
 .debug_abbrev  0x0000000000001e1a      0x2d5 Drivers/STM32F1xx_HAL_Driver/Src/stm32f1xx_hal_cortex.o
 .debug_abbrev  0x00000000000020ef      0x1c0 Drivers/STM32F1xx_HAL_Driver/Src/stm32f1xx_hal_gpio.o
 .debug_abbrev  0x00000000000022af      0x243 Drivers/STM32F1xx_HAL_Driver/Src/stm32f1xx_hal_rcc.o
 .debug_abbrev  0x00000000000024f2      0x230 Drivers/STM32F1xx_HAL_Driver/Src/stm32f1xx_hal_tim.o
 .debug_abbrev  0x0000000000002722      0x21e Drivers/STM32F1xx_HAL_Driver/Src/stm32f1xx_hal_tim_ex.o
 .debug_abbrev  0x0000000000002940      0x242 Drivers/STM32F1xx_HAL_Driver/Src/stm32f1xx_hal_uart.o

.debug_aranges  0x0000000000000000      0xe20
 .debug_aranges
                0x0000000000000000       0x60 Core/Src/Key.o
 .debug_aranges
                0x0000000000000060       0x58 Core/Src/can.o
 .debug_aranges
                0x00000000000000b8       0x38 Core/Src/gpio.o
 .debug_aranges
                0x00000000000000f0       0x70 Core/Src/led.o
 .debug_aranges
                0x0000000000000160       0x40 Core/Src/main.o
 .debug_aranges
                0x00000000000001a0       0x58 Core/Src/speaker.o
 .debug_aranges
                0x00000000000001f8       0x20 Core/Src/stm32f1xx_hal_msp.o
 .debug_aranges
                0x0000000000000218       0x78 Core/Src/stm32f1xx_it.o
 .debug_aranges
                0x0000000000000290       0x28 Core/Src/system_stm32f1xx.o
 .debug_aranges
                0x00000000000002b8       0x48 Core/Src/tim.o
 .debug_aranges
                0x0000000000000300       0x30 Core/Src/usart.o
 .debug_aranges
                0x0000000000000330       0x28 Core/Startup/startup_stm32f103c8tx.o
 .debug_aranges
                0x0000000000000358       0xe0 Drivers/STM32F1xx_HAL_Driver/Src/stm32f1xx_hal.o
 .debug_aranges
                0x0000000000000438      0x138 Drivers/STM32F1xx_HAL_Driver/Src/stm32f1xx_hal_can.o
 .debug_aranges
                0x0000000000000570      0x100 Drivers/STM32F1xx_HAL_Driver/Src/stm32f1xx_hal_cortex.o
 .debug_aranges
                0x0000000000000670       0x58 Drivers/STM32F1xx_HAL_Driver/Src/stm32f1xx_hal_gpio.o
 .debug_aranges
                0x00000000000006c8       0x90 Drivers/STM32F1xx_HAL_Driver/Src/stm32f1xx_hal_rcc.o
 .debug_aranges
                0x0000000000000758      0x3a8 Drivers/STM32F1xx_HAL_Driver/Src/stm32f1xx_hal_tim.o
 .debug_aranges
                0x0000000000000b00      0x150 Drivers/STM32F1xx_HAL_Driver/Src/stm32f1xx_hal_tim_ex.o
 .debug_aranges
                0x0000000000000c50      0x1d0 Drivers/STM32F1xx_HAL_Driver/Src/stm32f1xx_hal_uart.o

.debug_ranges   0x0000000000000000      0xce8
 .debug_ranges  0x0000000000000000       0x50 Core/Src/Key.o
 .debug_ranges  0x0000000000000050       0x48 Core/Src/can.o
 .debug_ranges  0x0000000000000098       0x28 Core/Src/gpio.o
 .debug_ranges  0x00000000000000c0       0x60 Core/Src/led.o
 .debug_ranges  0x0000000000000120       0x30 Core/Src/main.o
 .debug_ranges  0x0000000000000150       0x48 Core/Src/speaker.o
 .debug_ranges  0x0000000000000198       0x10 Core/Src/stm32f1xx_hal_msp.o
 .debug_ranges  0x00000000000001a8       0x68 Core/Src/stm32f1xx_it.o
 .debug_ranges  0x0000000000000210       0x18 Core/Src/system_stm32f1xx.o
 .debug_ranges  0x0000000000000228       0x38 Core/Src/tim.o
 .debug_ranges  0x0000000000000260       0x20 Core/Src/usart.o
 .debug_ranges  0x0000000000000280       0x20 Core/Startup/startup_stm32f103c8tx.o
 .debug_ranges  0x00000000000002a0       0xd0 Drivers/STM32F1xx_HAL_Driver/Src/stm32f1xx_hal.o
 .debug_ranges  0x0000000000000370      0x128 Drivers/STM32F1xx_HAL_Driver/Src/stm32f1xx_hal_can.o
 .debug_ranges  0x0000000000000498       0xf0 Drivers/STM32F1xx_HAL_Driver/Src/stm32f1xx_hal_cortex.o
 .debug_ranges  0x0000000000000588       0x48 Drivers/STM32F1xx_HAL_Driver/Src/stm32f1xx_hal_gpio.o
 .debug_ranges  0x00000000000005d0       0x80 Drivers/STM32F1xx_HAL_Driver/Src/stm32f1xx_hal_rcc.o
 .debug_ranges  0x0000000000000650      0x398 Drivers/STM32F1xx_HAL_Driver/Src/stm32f1xx_hal_tim.o
 .debug_ranges  0x00000000000009e8      0x140 Drivers/STM32F1xx_HAL_Driver/Src/stm32f1xx_hal_tim_ex.o
 .debug_ranges  0x0000000000000b28      0x1c0 Drivers/STM32F1xx_HAL_Driver/Src/stm32f1xx_hal_uart.o

.debug_macro    0x0000000000000000    0x15b06
 .debug_macro   0x0000000000000000      0x2fb Core/Src/Key.o
 .debug_macro   0x00000000000002fb      0xa5a Core/Src/Key.o
 .debug_macro   0x0000000000000d55      0x221 Core/Src/Key.o
 .debug_macro   0x0000000000000f76       0x2e Core/Src/Key.o
 .debug_macro   0x0000000000000fa4       0x22 Core/Src/Key.o
 .debug_macro   0x0000000000000fc6       0x22 Core/Src/Key.o
 .debug_macro   0x0000000000000fe8       0x8e Core/Src/Key.o
 .debug_macro   0x0000000000001076       0x51 Core/Src/Key.o
 .debug_macro   0x00000000000010c7       0xef Core/Src/Key.o
 .debug_macro   0x00000000000011b6       0x6a Core/Src/Key.o
 .debug_macro   0x0000000000001220      0x1df Core/Src/Key.o
 .debug_macro   0x00000000000013ff       0x1c Core/Src/Key.o
 .debug_macro   0x000000000000141b       0x22 Core/Src/Key.o
 .debug_macro   0x000000000000143d       0xc3 Core/Src/Key.o
 .debug_macro   0x0000000000001500      0xd23 Core/Src/Key.o
 .debug_macro   0x0000000000002223     0xe09e Core/Src/Key.o
 .debug_macro   0x00000000000102c1       0x43 Core/Src/Key.o
 .debug_macro   0x0000000000010304      0x174 Core/Src/Key.o
 .debug_macro   0x0000000000010478       0x5a Core/Src/Key.o
 .debug_macro   0x00000000000104d2      0x5be Core/Src/Key.o
 .debug_macro   0x0000000000010a90      0x289 Core/Src/Key.o
 .debug_macro   0x0000000000010d19      0x1cb Core/Src/Key.o
 .debug_macro   0x0000000000010ee4      0x114 Core/Src/Key.o
 .debug_macro   0x0000000000010ff8      0x1b2 Core/Src/Key.o
 .debug_macro   0x00000000000111aa       0x27 Core/Src/Key.o
 .debug_macro   0x00000000000111d1      0x136 Core/Src/Key.o
 .debug_macro   0x0000000000011307      0x1bc Core/Src/Key.o
 .debug_macro   0x00000000000114c3       0x34 Core/Src/Key.o
 .debug_macro   0x00000000000114f7       0x3c Core/Src/Key.o
 .debug_macro   0x0000000000011533      0x408 Core/Src/Key.o
 .debug_macro   0x000000000001193b       0x57 Core/Src/Key.o
 .debug_macro   0x0000000000011992       0x88 Core/Src/Key.o
 .debug_macro   0x0000000000011a1a      0x241 Core/Src/Key.o
 .debug_macro   0x0000000000011c5b      0x141 Core/Src/Key.o
 .debug_macro   0x0000000000011d9c      0x88b Core/Src/Key.o
 .debug_macro   0x0000000000012627      0x26b Core/Src/Key.o
 .debug_macro   0x0000000000012892       0x83 Core/Src/Key.o
 .debug_macro   0x0000000000012915       0x46 Core/Src/Key.o
 .debug_macro   0x000000000001295b       0x18 Core/Src/Key.o
 .debug_macro   0x0000000000012973       0x3c Core/Src/Key.o
 .debug_macro   0x00000000000129af       0x34 Core/Src/Key.o
 .debug_macro   0x00000000000129e3       0x52 Core/Src/Key.o
 .debug_macro   0x0000000000012a35       0x1f Core/Src/Key.o
 .debug_macro   0x0000000000012a54       0x43 Core/Src/Key.o
 .debug_macro   0x0000000000012a97       0x20 Core/Src/Key.o
 .debug_macro   0x0000000000012ab7      0x1a3 Core/Src/Key.o
 .debug_macro   0x0000000000012c5a      0x32a Core/Src/Key.o
 .debug_macro   0x0000000000012f84       0x10 Core/Src/Key.o
 .debug_macro   0x0000000000012f94       0x35 Core/Src/Key.o
 .debug_macro   0x0000000000012fc9       0x20 Core/Src/Key.o
 .debug_macro   0x0000000000012fe9      0x124 Core/Src/Key.o
 .debug_macro   0x000000000001310d       0x16 Core/Src/Key.o
 .debug_macro   0x0000000000013123       0x16 Core/Src/Key.o
 .debug_macro   0x0000000000013139       0xc4 Core/Src/Key.o
 .debug_macro   0x00000000000131fd       0x94 Core/Src/Key.o
 .debug_macro   0x0000000000013291       0x1c Core/Src/Key.o
 .debug_macro   0x00000000000132ad      0x2cf Core/Src/can.o
 .debug_macro   0x000000000001357c       0x16 Core/Src/can.o
 .debug_macro   0x0000000000013592       0x1c Core/Src/can.o
 .debug_macro   0x00000000000135ae      0x29f Core/Src/gpio.o
 .debug_macro   0x000000000001384d      0x2a1 Core/Src/led.o
 .debug_macro   0x0000000000013aee       0xbe Core/Src/led.o
 .debug_macro   0x0000000000013bac      0x2f1 Core/Src/main.o
 .debug_macro   0x0000000000013e9d      0x2d9 Core/Src/speaker.o
 .debug_macro   0x0000000000014176       0x10 Core/Src/speaker.o
 .debug_macro   0x0000000000014186      0x274 Core/Src/stm32f1xx_hal_msp.o
 .debug_macro   0x00000000000143fa      0x27e Core/Src/stm32f1xx_it.o
 .debug_macro   0x0000000000014678      0x1aa Core/Src/system_stm32f1xx.o
 .debug_macro   0x0000000000014822      0x29b Core/Src/tim.o
 .debug_macro   0x0000000000014abd      0x27e Core/Src/usart.o
 .debug_macro   0x0000000000014d3b      0x1c8 Drivers/STM32F1xx_HAL_Driver/Src/stm32f1xx_hal.o
 .debug_macro   0x0000000000014f03      0x1ac Drivers/STM32F1xx_HAL_Driver/Src/stm32f1xx_hal_can.o
 .debug_macro   0x00000000000150af      0x1a4 Drivers/STM32F1xx_HAL_Driver/Src/stm32f1xx_hal_cortex.o
 .debug_macro   0x0000000000015253      0x20f Drivers/STM32F1xx_HAL_Driver/Src/stm32f1xx_hal_gpio.o
 .debug_macro   0x0000000000015462      0x1b6 Drivers/STM32F1xx_HAL_Driver/Src/stm32f1xx_hal_rcc.o
 .debug_macro   0x0000000000015618      0x1a5 Drivers/STM32F1xx_HAL_Driver/Src/stm32f1xx_hal_tim.o
 .debug_macro   0x00000000000157bd      0x1a4 Drivers/STM32F1xx_HAL_Driver/Src/stm32f1xx_hal_tim_ex.o
 .debug_macro   0x0000000000015961      0x1a5 Drivers/STM32F1xx_HAL_Driver/Src/stm32f1xx_hal_uart.o

.debug_line     0x0000000000000000     0xbbcf
 .debug_line    0x0000000000000000      0x8df Core/Src/Key.o
 .debug_line    0x00000000000008df      0x935 Core/Src/can.o
 .debug_line    0x0000000000001214      0x823 Core/Src/gpio.o
 .debug_line    0x0000000000001a37      0x94e Core/Src/led.o
 .debug_line    0x0000000000002385      0x8a2 Core/Src/main.o
 .debug_line    0x0000000000002c27      0x8b7 Core/Src/speaker.o
 .debug_line    0x00000000000034de      0x7a2 Core/Src/stm32f1xx_hal_msp.o
 .debug_line    0x0000000000003c80      0x87b Core/Src/stm32f1xx_it.o
 .debug_line    0x00000000000044fb      0x67e Core/Src/system_stm32f1xx.o
 .debug_line    0x0000000000004b79      0x87c Core/Src/tim.o
 .debug_line    0x00000000000053f5      0x7d7 Core/Src/usart.o
 .debug_line    0x0000000000005bcc       0x84 Core/Startup/startup_stm32f103c8tx.o
 .debug_line    0x0000000000005c50      0x826 Drivers/STM32F1xx_HAL_Driver/Src/stm32f1xx_hal.o
 .debug_line    0x0000000000006476      0xaf6 Drivers/STM32F1xx_HAL_Driver/Src/stm32f1xx_hal_can.o
 .debug_line    0x0000000000006f6c      0x8ff Drivers/STM32F1xx_HAL_Driver/Src/stm32f1xx_hal_cortex.o
 .debug_line    0x000000000000786b      0x826 Drivers/STM32F1xx_HAL_Driver/Src/stm32f1xx_hal_gpio.o
 .debug_line    0x0000000000008091      0x8e8 Drivers/STM32F1xx_HAL_Driver/Src/stm32f1xx_hal_rcc.o
 .debug_line    0x0000000000008979     0x16ec Drivers/STM32F1xx_HAL_Driver/Src/stm32f1xx_hal_tim.o
 .debug_line    0x000000000000a065      0xc39 Drivers/STM32F1xx_HAL_Driver/Src/stm32f1xx_hal_tim_ex.o
 .debug_line    0x000000000000ac9e      0xf31 Drivers/STM32F1xx_HAL_Driver/Src/stm32f1xx_hal_uart.o

.debug_str      0x0000000000000000    0x743b6
 .debug_str     0x0000000000000000    0x70bfb Core/Src/Key.o
                                      0x70fb1 (size before relaxing)
 .debug_str     0x0000000000070bfb      0x56b Core/Src/can.o
                                      0x7140a (size before relaxing)
 .debug_str     0x0000000000071166       0x62 Core/Src/gpio.o
                                      0x70a79 (size before relaxing)
 .debug_str     0x00000000000711c8       0xb3 Core/Src/led.o
                                      0x70a09 (size before relaxing)
 .debug_str     0x000000000007127b      0x507 Core/Src/main.o
                                      0x7135a (size before relaxing)
 .debug_str     0x0000000000071782       0xb0 Core/Src/speaker.o
                                      0x710d2 (size before relaxing)
 .debug_str     0x0000000000071832       0x50 Core/Src/stm32f1xx_hal_msp.o
                                      0x6fedb (size before relaxing)
 .debug_str     0x0000000000071882       0xdd Core/Src/stm32f1xx_it.o
                                      0x70563 (size before relaxing)
 .debug_str     0x000000000007195f       0xc2 Core/Src/system_stm32f1xx.o
                                      0x6cb24 (size before relaxing)
 .debug_str     0x0000000000071a21      0x142 Core/Src/tim.o
                                      0x70e0b (size before relaxing)
 .debug_str     0x0000000000071b63       0x57 Core/Src/usart.o
                                      0x702ee (size before relaxing)
 .debug_str     0x0000000000071bba       0x36 Core/Startup/startup_stm32f103c8tx.o
                                         0x54 (size before relaxing)
 .debug_str     0x0000000000071bf0      0x39d Drivers/STM32F1xx_HAL_Driver/Src/stm32f1xx_hal.o
                                      0x6d135 (size before relaxing)
 .debug_str     0x0000000000071f8d      0x45d Drivers/STM32F1xx_HAL_Driver/Src/stm32f1xx_hal_can.o
                                      0x6d2ca (size before relaxing)
 .debug_str     0x00000000000723ea      0x2a0 Drivers/STM32F1xx_HAL_Driver/Src/stm32f1xx_hal_cortex.o
                                      0x6d143 (size before relaxing)
 .debug_str     0x000000000007268a      0x31f Drivers/STM32F1xx_HAL_Driver/Src/stm32f1xx_hal_gpio.o
                                      0x6ce6e (size before relaxing)
 .debug_str     0x00000000000729a9      0x263 Drivers/STM32F1xx_HAL_Driver/Src/stm32f1xx_hal_rcc.o
                                      0x6cea7 (size before relaxing)
 .debug_str     0x0000000000072c0c      0xd5f Drivers/STM32F1xx_HAL_Driver/Src/stm32f1xx_hal_tim.o
                                      0x6dc72 (size before relaxing)
 .debug_str     0x000000000007396b      0x52f Drivers/STM32F1xx_HAL_Driver/Src/stm32f1xx_hal_tim_ex.o
                                      0x6d472 (size before relaxing)
 .debug_str     0x0000000000073e9a      0x51c Drivers/STM32F1xx_HAL_Driver/Src/stm32f1xx_hal_uart.o
                                      0x6d396 (size before relaxing)

.comment        0x0000000000000000       0x7b
 .comment       0x0000000000000000       0x7b Core/Src/Key.o
                                         0x7c (size before relaxing)
 .comment       0x000000000000007b       0x7c Core/Src/can.o
 .comment       0x000000000000007b       0x7c Core/Src/gpio.o
 .comment       0x000000000000007b       0x7c Core/Src/led.o
 .comment       0x000000000000007b       0x7c Core/Src/main.o
 .comment       0x000000000000007b       0x7c Core/Src/speaker.o
 .comment       0x000000000000007b       0x7c Core/Src/stm32f1xx_hal_msp.o
 .comment       0x000000000000007b       0x7c Core/Src/stm32f1xx_it.o
 .comment       0x000000000000007b       0x7c Core/Src/system_stm32f1xx.o
 .comment       0x000000000000007b       0x7c Core/Src/tim.o
 .comment       0x000000000000007b       0x7c Core/Src/usart.o
 .comment       0x000000000000007b       0x7c Drivers/STM32F1xx_HAL_Driver/Src/stm32f1xx_hal.o
 .comment       0x000000000000007b       0x7c Drivers/STM32F1xx_HAL_Driver/Src/stm32f1xx_hal_can.o
 .comment       0x000000000000007b       0x7c Drivers/STM32F1xx_HAL_Driver/Src/stm32f1xx_hal_cortex.o
 .comment       0x000000000000007b       0x7c Drivers/STM32F1xx_HAL_Driver/Src/stm32f1xx_hal_gpio.o
 .comment       0x000000000000007b       0x7c Drivers/STM32F1xx_HAL_Driver/Src/stm32f1xx_hal_rcc.o
 .comment       0x000000000000007b       0x7c Drivers/STM32F1xx_HAL_Driver/Src/stm32f1xx_hal_tim.o
 .comment       0x000000000000007b       0x7c Drivers/STM32F1xx_HAL_Driver/Src/stm32f1xx_hal_tim_ex.o
 .comment       0x000000000000007b       0x7c Drivers/STM32F1xx_HAL_Driver/Src/stm32f1xx_hal_uart.o

.debug_frame    0x0000000000000000     0x3958
 .debug_frame   0x0000000000000000      0x130 Core/Src/Key.o
 .debug_frame   0x0000000000000130      0x120 Core/Src/can.o
 .debug_frame   0x0000000000000250       0x98 Core/Src/gpio.o
 .debug_frame   0x00000000000002e8      0x1c0 Core/Src/led.o
 .debug_frame   0x00000000000004a8       0xa8 Core/Src/main.o
 .debug_frame   0x0000000000000550      0x128 Core/Src/speaker.o
 .debug_frame   0x0000000000000678       0x38 Core/Src/stm32f1xx_hal_msp.o
 .debug_frame   0x00000000000006b0      0x160 Core/Src/stm32f1xx_it.o
 .debug_frame   0x0000000000000810       0x58 Core/Src/system_stm32f1xx.o
 .debug_frame   0x0000000000000868       0xf0 Core/Src/tim.o
 .debug_frame   0x0000000000000958       0x74 Core/Src/usart.o
 .debug_frame   0x00000000000009cc      0x334 Drivers/STM32F1xx_HAL_Driver/Src/stm32f1xx_hal.o
 .debug_frame   0x0000000000000d00      0x5a0 Drivers/STM32F1xx_HAL_Driver/Src/stm32f1xx_hal_can.o
 .debug_frame   0x00000000000012a0      0x428 Drivers/STM32F1xx_HAL_Driver/Src/stm32f1xx_hal_cortex.o
 .debug_frame   0x00000000000016c8      0x14c Drivers/STM32F1xx_HAL_Driver/Src/stm32f1xx_hal_gpio.o
 .debug_frame   0x0000000000001814      0x21c Drivers/STM32F1xx_HAL_Driver/Src/stm32f1xx_hal_rcc.o
 .debug_frame   0x0000000000001a30     0x10e8 Drivers/STM32F1xx_HAL_Driver/Src/stm32f1xx_hal_tim.o
 .debug_frame   0x0000000000002b18      0x5c0 Drivers/STM32F1xx_HAL_Driver/Src/stm32f1xx_hal_tim_ex.o
 .debug_frame   0x00000000000030d8      0x834 Drivers/STM32F1xx_HAL_Driver/Src/stm32f1xx_hal_uart.o
 .debug_frame   0x000000000000390c       0x2c d:/st/stm32cubeide_1.3.0/stm32cubeide/plugins/com.st.stm32cube.ide.mcu.externaltools.gnu-tools-for-stm32.7-2018-q2-update.win32_1.0.0.201904181610/tools/bin/../lib/gcc/arm-none-eabi/7.3.1/../../../../arm-none-eabi/lib/thumb/v7-m\libc_nano.a(lib_a-init.o)
 .debug_frame   0x0000000000003938       0x20 d:/st/stm32cubeide_1.3.0/stm32cubeide/plugins/com.st.stm32cube.ide.mcu.externaltools.gnu-tools-for-stm32.7-2018-q2-update.win32_1.0.0.201904181610/tools/bin/../lib/gcc/arm-none-eabi/7.3.1/../../../../arm-none-eabi/lib/thumb/v7-m\libc_nano.a(lib_a-memset.o)
