Archive member included to satisfy reference by file (symbol)

d:/st/stm32cubeide_1.3.0/stm32cubeide/plugins/com.st.stm32cube.ide.mcu.externaltools.gnu-tools-for-stm32.7-2018-q2-update.win32_1.0.0.201904181610/tools/bin/../lib/gcc/arm-none-eabi/7.3.1/../../../../arm-none-eabi/lib/thumb/v7-m\libc_nano.a(lib_a-errno.o)
                              Core/Src/syscalls.o (__errno)
d:/st/stm32cubeide_1.3.0/stm32cubeide/plugins/com.st.stm32cube.ide.mcu.externaltools.gnu-tools-for-stm32.7-2018-q2-update.win32_1.0.0.201904181610/tools/bin/../lib/gcc/arm-none-eabi/7.3.1/../../../../arm-none-eabi/lib/thumb/v7-m\libc_nano.a(lib_a-exit.o)
                              d:/st/stm32cubeide_1.3.0/stm32cubeide/plugins/com.st.stm32cube.ide.mcu.externaltools.gnu-tools-for-stm32.7-2018-q2-update.win32_1.0.0.201904181610/tools/bin/../lib/gcc/arm-none-eabi/7.3.1/../../../../arm-none-eabi/lib/thumb/v7-m/crt0.o (exit)
d:/st/stm32cubeide_1.3.0/stm32cubeide/plugins/com.st.stm32cube.ide.mcu.externaltools.gnu-tools-for-stm32.7-2018-q2-update.win32_1.0.0.201904181610/tools/bin/../lib/gcc/arm-none-eabi/7.3.1/../../../../arm-none-eabi/lib/thumb/v7-m\libc_nano.a(lib_a-impure.o)
                              d:/st/stm32cubeide_1.3.0/stm32cubeide/plugins/com.st.stm32cube.ide.mcu.externaltools.gnu-tools-for-stm32.7-2018-q2-update.win32_1.0.0.201904181610/tools/bin/../lib/gcc/arm-none-eabi/7.3.1/../../../../arm-none-eabi/lib/thumb/v7-m\libc_nano.a(lib_a-exit.o) (_global_impure_ptr)
d:/st/stm32cubeide_1.3.0/stm32cubeide/plugins/com.st.stm32cube.ide.mcu.externaltools.gnu-tools-for-stm32.7-2018-q2-update.win32_1.0.0.201904181610/tools/bin/../lib/gcc/arm-none-eabi/7.3.1/../../../../arm-none-eabi/lib/thumb/v7-m\libc_nano.a(lib_a-init.o)
                              d:/st/stm32cubeide_1.3.0/stm32cubeide/plugins/com.st.stm32cube.ide.mcu.externaltools.gnu-tools-for-stm32.7-2018-q2-update.win32_1.0.0.201904181610/tools/bin/../lib/gcc/arm-none-eabi/7.3.1/../../../../arm-none-eabi/lib/thumb/v7-m/crt0.o (__libc_init_array)
d:/st/stm32cubeide_1.3.0/stm32cubeide/plugins/com.st.stm32cube.ide.mcu.externaltools.gnu-tools-for-stm32.7-2018-q2-update.win32_1.0.0.201904181610/tools/bin/../lib/gcc/arm-none-eabi/7.3.1/../../../../arm-none-eabi/lib/thumb/v7-m\libc_nano.a(lib_a-memset.o)
                              d:/st/stm32cubeide_1.3.0/stm32cubeide/plugins/com.st.stm32cube.ide.mcu.externaltools.gnu-tools-for-stm32.7-2018-q2-update.win32_1.0.0.201904181610/tools/bin/../lib/gcc/arm-none-eabi/7.3.1/../../../../arm-none-eabi/lib/thumb/v7-m/crt0.o (memset)

Allocating common symbols
Common symbol       size              file

aeb                 0x8               Core/Src/can.o
hcan                0x28              Core/Src/can.o
uwTick              0x4               Drivers/STM32F1xx_HAL_Driver/Src/stm32f1xx_hal.o
pFlash              0x20              Drivers/STM32F1xx_HAL_Driver/Src/stm32f1xx_hal_flash.o
msg11d              0x9               Core/Src/can.o
huart1              0x40              Core/Src/usart.o
watchTx             0x8               Core/Src/can.o
blinkflag           0x8               Core/Src/led.o
msg11c              0x9               Core/Src/can.o
watchRx             0x8               Core/Src/can.o
msg11e              0x9               Core/Src/can.o
htim2               0x40              Core/Src/tim.o
msg11b              0x9               Core/Src/can.o
bsd                 0x8               Core/Src/can.o

Discarded input sections

 .text          0x0000000000000000        0x0 d:/st/stm32cubeide_1.3.0/stm32cubeide/plugins/com.st.stm32cube.ide.mcu.externaltools.gnu-tools-for-stm32.7-2018-q2-update.win32_1.0.0.201904181610/tools/bin/../lib/gcc/arm-none-eabi/7.3.1/thumb/v7-m/crti.o
 .data          0x0000000000000000        0x0 d:/st/stm32cubeide_1.3.0/stm32cubeide/plugins/com.st.stm32cube.ide.mcu.externaltools.gnu-tools-for-stm32.7-2018-q2-update.win32_1.0.0.201904181610/tools/bin/../lib/gcc/arm-none-eabi/7.3.1/thumb/v7-m/crti.o
 .bss           0x0000000000000000        0x0 d:/st/stm32cubeide_1.3.0/stm32cubeide/plugins/com.st.stm32cube.ide.mcu.externaltools.gnu-tools-for-stm32.7-2018-q2-update.win32_1.0.0.201904181610/tools/bin/../lib/gcc/arm-none-eabi/7.3.1/thumb/v7-m/crti.o
 .data          0x0000000000000000        0x4 d:/st/stm32cubeide_1.3.0/stm32cubeide/plugins/com.st.stm32cube.ide.mcu.externaltools.gnu-tools-for-stm32.7-2018-q2-update.win32_1.0.0.201904181610/tools/bin/../lib/gcc/arm-none-eabi/7.3.1/thumb/v7-m/crtbegin.o
 .text          0x0000000000000000       0x74 d:/st/stm32cubeide_1.3.0/stm32cubeide/plugins/com.st.stm32cube.ide.mcu.externaltools.gnu-tools-for-stm32.7-2018-q2-update.win32_1.0.0.201904181610/tools/bin/../lib/gcc/arm-none-eabi/7.3.1/../../../../arm-none-eabi/lib/thumb/v7-m/crt0.o
[...]
Memory Configuration

Name             Origin             Length             Attributes
RAM              0x0000000020000000 0x0000000000005000 xrw
FLASH            0x0000000008000000 0x0000000000010000 xr
*default*        0x0000000000000000 0xffffffffffffffff

Linker script and memory map

LOAD d:/st/stm32cubeide_1.3.0/stm32cubeide/plugins/com.st.stm32cube.ide.mcu.externaltools.gnu-tools-for-stm32.7-2018-q2-update.win32_1.0.0.201904181610/tools/bin/../lib/gcc/arm-none-eabi/7.3.1/thumb/v7-m/crti.o
LOAD d:/st/stm32cubeide_1.3.0/stm32cubeide/plugins/com.st.stm32cube.ide.mcu.externaltools.gnu-tools-for-stm32.7-2018-q2-update.win32_1.0.0.201904181610/tools/bin/../lib/gcc/arm-none-eabi/7.3.1/thumb/v7-m/crtbegin.o
LOAD d:/st/stm32cubeide_1.3.0/stm32cubeide/plugins/com.st.stm32cube.ide.mcu.externaltools.gnu-tools-for-stm32.7-2018-q2-update.win32_1.0.0.201904181610/tools/bin/../lib/gcc/arm-none-eabi/7.3.1/../../../../arm-none-eabi/lib/thumb/v7-m/crt0.o
LOAD Core/Src/Key.o
LOAD Core/Src/can.o
LOAD Core/Src/gpio.o
LOAD Core/Src/led.o
LOAD Core/Src/main.o
LOAD Core/Src/speaker.o
LOAD Core/Src/stm32f1xx_hal_msp.o
LOAD Core/Src/stm32f1xx_it.o
LOAD Core/Src/syscalls.o
LOAD Core/Src/sysmem.o
LOAD Core/Src/system_stm32f1xx.o
LOAD Core/Src/tim.o
LOAD Core/Src/usart.o
LOAD Core/Startup/startup_stm32f103c8tx.o
LOAD Drivers/STM32F1xx_HAL_Driver/Src/stm32f1xx_hal.o
LOAD Drivers/STM32F1xx_HAL_Driver/Src/stm32f1xx_hal_can.o
LOAD Drivers/STM32F1xx_HAL_Driver/Src/stm32f1xx_hal_cortex.o
LOAD Drivers/STM32F1xx_HAL_Driver/Src/stm32f1xx_hal_dma.o
LOAD Drivers/STM32F1xx_HAL_Driver/Src/stm32f1xx_hal_exti.o
LOAD Drivers/STM32F1xx_HAL_Driver/Src/stm32f1xx_hal_flash.o
LOAD Drivers/STM32F1xx_HAL_Driver/Src/stm32f1xx_hal_flash_ex.o
LOAD Drivers/STM32F1xx_HAL_Driver/Src/stm32f1xx_hal_gpio.o
LOAD Drivers/STM32F1xx_HAL_Driver/Src/stm32f1xx_hal_gpio_ex.o
LOAD Drivers/STM32F1xx_HAL_Driver/Src/stm32f1xx_hal_pwr.o
LOAD Drivers/STM32F1xx_HAL_Driver/Src/stm32f1xx_hal_rcc.o
LOAD Drivers/STM32F1xx_HAL_Driver/Src/stm32f1xx_hal_rcc_ex.o
LOAD Drivers/STM32F1xx_HAL_Driver/Src/stm32f1xx_hal_tim.o
LOAD Drivers/STM32F1xx_HAL_Driver/Src/stm32f1xx_hal_tim_ex.o
LOAD Drivers/STM32F1xx_HAL_Driver/Src/stm32f1xx_hal_uart.o
START GROUP
LOAD d:/st/stm32cubeide_1.3.0/stm32cubeide/plugins/com.st.stm32cube.ide.mcu.externaltools.gnu-tools-for-stm32.7-2018-q2-update.win32_1.0.0.201904181610/tools/bin/../lib/gcc/arm-none-eabi/7.3.1/../../../../arm-none-eabi/lib/thumb/v7-m\libc_nano.a
LOAD d:/st/stm32cubeide_1.3.0/stm32cubeide/plugins/com.st.stm32cube.ide.mcu.externaltools.gnu-tools-for-stm32.7-2018-q2-update.win32_1.0.0.201904181610/tools/bin/../lib/gcc/arm-none-eabi/7.3.1/../../../../arm-none-eabi/lib/thumb/v7-m\libm.a
END GROUP
START GROUP
LOAD d:/st/stm32cubeide_1.3.0/stm32cubeide/plugins/com.st.stm32cube.ide.mcu.externaltools.gnu-tools-for-stm32.7-2018-q2-update.win32_1.0.0.201904181610/tools/bin/../lib/gcc/arm-none-eabi/7.3.1/thumb/v7-m\libgcc.a
LOAD d:/st/stm32cubeide_1.3.0/stm32cubeide/plugins/com.st.stm32cube.ide.mcu.externaltools.gnu-tools-for-stm32.7-2018-q2-update.win32_1.0.0.201904181610/tools/bin/../lib/gcc/arm-none-eabi/7.3.1/../../../../arm-none-eabi/lib/thumb/v7-m\libc_nano.a
END GROUP
START GROUP
LOAD d:/st/stm32cubeide_1.3.0/stm32cubeide/plugins/com.st.stm32cube.ide.mcu.externaltools.gnu-tools-for-stm32.7-2018-q2-update.win32_1.0.0.201904181610/tools/bin/../lib/gcc/arm-none-eabi/7.3.1/thumb/v7-m\libgcc.a
LOAD d:/st/stm32cubeide_1.3.0/stm32cubeide/plugins/com.st.stm32cube.ide.mcu.externaltools.gnu-tools-for-stm32.7-2018-q2-update.win32_1.0.0.201904181610/tools/bin/../lib/gcc/arm-none-eabi/7.3.1/../../../../arm-none-eabi/lib/thumb/v7-m\libc_nano.a
LOAD d:/st/stm32cubeide_1.3.0/stm32cubeide/plugins/com.st.stm32cube.ide.mcu.externaltools.gnu-tools-for-stm32.7-2018-q2-update.win32_1.0.0.201904181610/tools/bin/../lib/gcc/arm-none-eabi/7.3.1/../../../../arm-none-eabi/lib/thumb/v7-m\libnosys.a
END GROUP
START GROUP
LOAD d:/st/stm32cubeide_1.3.0/stm32cubeide/plugins/com.st.stm32cube.ide.mcu.externaltools.gnu-tools-for-stm32.7-2018-q2-update.win32_1.0.0.201904181610/tools/bin/../lib/gcc/arm-none-eabi/7.3.1/thumb/v7-m\libgcc.a
LOAD d:/st/stm32cubeide_1.3.0/stm32cubeide/plugins/com.st.stm32cube.ide.mcu.externaltools.gnu-tools-for-stm32.7-2018-q2-update.win32_1.0.0.201904181610/tools/bin/../lib/gcc/arm-none-eabi/7.3.1/../../../../arm-none-eabi/lib/thumb/v7-m\libc_nano.a
LOAD d:/st/stm32cubeide_1.3.0/stm32cubeide/plugins/com.st.stm32cube.ide.mcu.externaltools.gnu-tools-for-stm32.7-2018-q2-update.win32_1.0.0.201904181610/tools/bin/../lib/gcc/arm-none-eabi/7.3.1/../../../../arm-none-eabi/lib/thumb/v7-m\libnosys.a
END GROUP
LOAD d:/st/stm32cubeide_1.3.0/stm32cubeide/plugins/com.st.stm32cube.ide.mcu.externaltools.gnu-tools-for-stm32.7-2018-q2-update.win32_1.0.0.201904181610/tools/bin/../lib/gcc/arm-none-eabi/7.3.1/thumb/v7-m/crtend.o
LOAD d:/st/stm32cubeide_1.3.0/stm32cubeide/plugins/com.st.stm32cube.ide.mcu.externaltools.gnu-tools-for-stm32.7-2018-q2-update.win32_1.0.0.201904181610/tools/bin/../lib/gcc/arm-none-eabi/7.3.1/thumb/v7-m/crtn.o
                0x0000000020005000                _estack = (ORIGIN (RAM) + LENGTH (RAM))
                0x0000000000000200                _Min_Heap_Size = 0x200
                0x0000000000000400                _Min_Stack_Size = 0x400

.isr_vector     0x0000000008000000      0x10c
                0x0000000008000000                . = ALIGN (0x4)
 *(.isr_vector)
 .isr_vector    0x0000000008000000      0x10c Core/Startup/startup_stm32f103c8tx.o
                0x0000000008000000                g_pfnVectors
                0x000000000800010c                . = ALIGN (0x4)

.text           0x000000000800010c     0x3934
                0x000000000800010c                . = ALIGN (0x4)
 *(.text)
 .text          0x000000000800010c       0x40 d:/st/stm32cubeide_1.3.0/stm32cubeide/plugins/com.st.stm32cube.ide.mcu.externaltools.gnu-tools-for-stm32.7-2018-q2-update.win32_1.0.0.201904181610/tools/bin/../lib/gcc/arm-none-eabi/7.3.1/thumb/v7-m/crtbegin.o
 *(.text*)
 .text.ReadAebBtn
                0x000000000800014c       0x18 Core/Src/Key.o
                0x000000000800014c                ReadAebBtn
 .text.ReadVolumeBtn
                0x0000000008000164       0x18 Core/Src/Key.o
                0x0000000008000164                ReadVolumeBtn
 .text.ReadRevBtn
                0x000000000800017c       0x18 Core/Src/Key.o
                0x000000000800017c                ReadRevBtn
 .text.AebCb    0x0000000008000194       0x2c Core/Src/Key.o
                0x0000000008000194                AebCb
 .text.VolCb    0x00000000080001c0       0x74 Core/Src/Key.o
                0x00000000080001c0                VolCb
 .text.KeyInit  0x0000000008000234       0x88 Core/Src/Key.o
                0x0000000008000234                KeyInit
 .text.SetAebState
                0x00000000080002bc       0xa4 Core/Src/can.o
                0x00000000080002bc                SetAebState
 .text.MX_CAN_Init
                0x0000000008000360       0x6c Core/Src/can.o
                0x0000000008000360                MX_CAN_Init
 .text.HAL_CAN_MspInit
                0x00000000080003cc       0xa8 Core/Src/can.o
                0x00000000080003cc                HAL_CAN_MspInit
 .text.CanFilterConfigScale16IdList
                0x0000000008000474       0x8c Core/Src/can.o
                0x0000000008000474                CanFilterConfigScale16IdList
 .text.CanTxMessage
                0x0000000008000500       0x7c Core/Src/can.o
                0x0000000008000500                CanTxMessage
 .text.HAL_CAN_RxFifo0MsgPendingCallback
                0x000000000800057c       0xf4 Core/Src/can.o
                0x000000000800057c                HAL_CAN_RxFifo0MsgPendingCallback
 .text.CanDataAnalisys
                0x0000000008000670      0x310 Core/Src/can.o
                0x0000000008000670                CanDataAnalisys
 .text.MX_GPIO_Init
                0x0000000008000980      0x144 Core/Src/gpio.o
                0x0000000008000980                MX_GPIO_Init
 .text.GetHardwareType
                0x0000000008000ac4       0x20 Core/Src/gpio.o
                0x0000000008000ac4                GetHardwareType
 .text.SetLedRed
                0x0000000008000ae4       0x70 Core/Src/gpio.o
                0x0000000008000ae4                SetLedRed
 .text.SetLedGreen
                0x0000000008000b54       0x74 Core/Src/gpio.o
                0x0000000008000b54                SetLedGreen
 .text.SetLeftLine
                0x0000000008000bc8       0x48 Core/Src/led.o
                0x0000000008000bc8                SetLeftLine
 .text.SetRightLine
                0x0000000008000c10       0x48 Core/Src/led.o
                0x0000000008000c10                SetRightLine
 .text.SetCar   0x0000000008000c58       0x48 Core/Src/led.o
                0x0000000008000c58                SetCar
 .text.SetPeople
                0x0000000008000ca0       0x48 Core/Src/led.o
                0x0000000008000ca0                SetPeople
 .text.SetPoint
                0x0000000008000ce8       0x48 Core/Src/led.o
                0x0000000008000ce8                SetPoint
 .text.SetDigitalNumLeft
                0x0000000008000d30       0x64 Core/Src/led.o
                0x0000000008000d30                SetDigitalNumLeft
 .text.SetDigitalNumRight
                0x0000000008000d94       0x64 Core/Src/led.o
                0x0000000008000d94                SetDigitalNumRight
 .text.AlarmKeyScan
                0x0000000008000df8       0x60 Core/Src/main.o
                0x0000000008000df8                AlarmKeyScan
 .text.main     0x0000000008000e58      0x130 Core/Src/main.o
                0x0000000008000e58                main
 .text.SystemClock_Config
                0x0000000008000f88       0x8a Core/Src/main.o
                0x0000000008000f88                SystemClock_Config
 .text.Error_Handler
                0x0000000008001012        0xc Core/Src/main.o
                0x0000000008001012                Error_Handler
 *fill*         0x000000000800101e        0x2 
 .text.OneLineSendData
                0x0000000008001020       0xa0 Core/Src/speaker.o
                0x0000000008001020                OneLineSendData
 .text.PlayVoice
                0x00000000080010c0       0x40 Core/Src/speaker.o
                0x00000000080010c0                PlayVoice
 .text.SetVolume
                0x0000000008001100       0x54 Core/Src/speaker.o
                0x0000000008001100                SetVolume
 .text.HAL_MspInit
                0x0000000008001154       0x64 Core/Src/stm32f1xx_hal_msp.o
                0x0000000008001154                HAL_MspInit
 .text.NMI_Handler
                0x00000000080011b8        0xc Core/Src/stm32f1xx_it.o
                0x00000000080011b8                NMI_Handler
 .text.HardFault_Handler
                0x00000000080011c4        0x6 Core/Src/stm32f1xx_it.o
                0x00000000080011c4                HardFault_Handler
 .text.MemManage_Handler
                0x00000000080011ca        0x6 Core/Src/stm32f1xx_it.o
                0x00000000080011ca                MemManage_Handler
 .text.BusFault_Handler
                0x00000000080011d0        0x6 Core/Src/stm32f1xx_it.o
                0x00000000080011d0                BusFault_Handler
 .text.UsageFault_Handler
                0x00000000080011d6        0x6 Core/Src/stm32f1xx_it.o
                0x00000000080011d6                UsageFault_Handler
 .text.SVC_Handler
                0x00000000080011dc        0xc Core/Src/stm32f1xx_it.o
                0x00000000080011dc                SVC_Handler
 .text.DebugMon_Handler
                0x00000000080011e8        0xc Core/Src/stm32f1xx_it.o
                0x00000000080011e8                DebugMon_Handler
 .text.PendSV_Handler
                0x00000000080011f4        0xc Core/Src/stm32f1xx_it.o
                0x00000000080011f4                PendSV_Handler
 .text.SysTick_Handler
                0x0000000008001200        0xc Core/Src/stm32f1xx_it.o
                0x0000000008001200                SysTick_Handler
 .text.USB_LP_CAN1_RX0_IRQHandler
                0x000000000800120c       0x14 Core/Src/stm32f1xx_it.o
                0x000000000800120c                USB_LP_CAN1_RX0_IRQHandler
 .text.TIM2_IRQHandler
                0x0000000008001220       0x14 Core/Src/stm32f1xx_it.o
                0x0000000008001220                TIM2_IRQHandler
 .text.SystemInit
                0x0000000008001234       0x68 Core/Src/system_stm32f1xx.o
                0x0000000008001234                SystemInit
 .text.MX_TIM2_Init
                0x000000000800129c       0x98 Core/Src/tim.o
                0x000000000800129c                MX_TIM2_Init
 .text.HAL_TIM_Base_MspInit
                0x0000000008001334       0x48 Core/Src/tim.o
                0x0000000008001334                HAL_TIM_Base_MspInit
 .text.HAL_TIM_PeriodElapsedCallback
                0x000000000800137c       0x2c Core/Src/tim.o
                0x000000000800137c                HAL_TIM_PeriodElapsedCallback
 .text.Delay100Us
                0x00000000080013a8       0x2c Core/Src/tim.o
                0x00000000080013a8                Delay100Us
 .text.MX_USART1_UART_Init
                0x00000000080013d4       0x54 Core/Src/usart.o
                0x00000000080013d4                MX_USART1_UART_Init
 .text.HAL_UART_MspInit
                0x0000000008001428       0x98 Core/Src/usart.o
                0x0000000008001428                HAL_UART_MspInit
 .text.Reset_Handler
                0x00000000080014c0       0x48 Core/Startup/startup_stm32f103c8tx.o
                0x00000000080014c0                Reset_Handler
 .text.Default_Handler
                0x0000000008001508        0x2 Core/Startup/startup_stm32f103c8tx.o
                0x0000000008001508                RTC_Alarm_IRQHandler
                0x0000000008001508                EXTI2_IRQHandler
                0x0000000008001508                TIM1_CC_IRQHandler
                0x0000000008001508                PVD_IRQHandler
                0x0000000008001508                EXTI3_IRQHandler
                0x0000000008001508                EXTI0_IRQHandler
                0x0000000008001508                I2C2_EV_IRQHandler
                0x0000000008001508                ADC1_2_IRQHandler
                0x0000000008001508                SPI1_IRQHandler
                0x0000000008001508                TAMPER_IRQHandler
                0x0000000008001508                DMA1_Channel4_IRQHandler
                0x0000000008001508                USART3_IRQHandler
                0x0000000008001508                RTC_IRQHandler
                0x0000000008001508                DMA1_Channel7_IRQHandler
                0x0000000008001508                CAN1_RX1_IRQHandler
                0x0000000008001508                TIM4_IRQHandler
                0x0000000008001508                I2C1_EV_IRQHandler
                0x0000000008001508                DMA1_Channel6_IRQHandler
                0x0000000008001508                TIM3_IRQHandler
                0x0000000008001508                RCC_IRQHandler
                0x0000000008001508                TIM1_TRG_COM_IRQHandler
                0x0000000008001508                DMA1_Channel1_IRQHandler
                0x0000000008001508                Default_Handler
                0x0000000008001508                EXTI15_10_IRQHandler
                0x0000000008001508                EXTI9_5_IRQHandler
                0x0000000008001508                SPI2_IRQHandler
                0x0000000008001508                DMA1_Channel5_IRQHandler
                0x0000000008001508                EXTI4_IRQHandler
                0x0000000008001508                USB_HP_CAN1_TX_IRQHandler
                0x0000000008001508                DMA1_Channel3_IRQHandler
                0x0000000008001508                TIM1_UP_IRQHandler
                0x0000000008001508                WWDG_IRQHandler
                0x0000000008001508                TIM1_BRK_IRQHandler
                0x0000000008001508                EXTI1_IRQHandler
                0x0000000008001508                USART2_IRQHandler
                0x0000000008001508                I2C2_ER_IRQHandler
                0x0000000008001508                DMA1_Channel2_IRQHandler
                0x0000000008001508                CAN1_SCE_IRQHandler
                0x0000000008001508                FLASH_IRQHandler
                0x0000000008001508                USART1_IRQHandler
                0x0000000008001508                I2C1_ER_IRQHandler
                0x0000000008001508                USBWakeUp_IRQHandler
 *fill*         0x000000000800150a        0x2 
 .text.HAL_Init
                0x000000000800150c       0x2c Drivers/STM32F1xx_HAL_Driver/Src/stm32f1xx_hal.o
                0x000000000800150c                HAL_Init
 .text.HAL_InitTick
                0x0000000008001538       0x60 Drivers/STM32F1xx_HAL_Driver/Src/stm32f1xx_hal.o
                0x0000000008001538                HAL_InitTick
 .text.HAL_IncTick
                0x0000000008001598       0x24 Drivers/STM32F1xx_HAL_Driver/Src/stm32f1xx_hal.o
                0x0000000008001598                HAL_IncTick
 .text.HAL_GetTick
                0x00000000080015bc       0x14 Drivers/STM32F1xx_HAL_Driver/Src/stm32f1xx_hal.o
                0x00000000080015bc                HAL_GetTick
 .text.HAL_Delay
                0x00000000080015d0       0x44 Drivers/STM32F1xx_HAL_Driver/Src/stm32f1xx_hal.o
                0x00000000080015d0                HAL_Delay
 .text.HAL_CAN_Init
                0x0000000008001614      0x1f6 Drivers/STM32F1xx_HAL_Driver/Src/stm32f1xx_hal_can.o
                0x0000000008001614                HAL_CAN_Init
 .text.HAL_CAN_ConfigFilter
                0x000000000800180a      0x192 Drivers/STM32F1xx_HAL_Driver/Src/stm32f1xx_hal_can.o
                0x000000000800180a                HAL_CAN_ConfigFilter
 .text.HAL_CAN_Start
                0x000000000800199c       0x88 Drivers/STM32F1xx_HAL_Driver/Src/stm32f1xx_hal_can.o
                0x000000000800199c                HAL_CAN_Start
 .text.HAL_CAN_AddTxMessage
                0x0000000008001a24      0x1b4 Drivers/STM32F1xx_HAL_Driver/Src/stm32f1xx_hal_can.o
                0x0000000008001a24                HAL_CAN_AddTxMessage
 .text.HAL_CAN_GetTxMailboxesFreeLevel
                0x0000000008001bd8       0x68 Drivers/STM32F1xx_HAL_Driver/Src/stm32f1xx_hal_can.o
                0x0000000008001bd8                HAL_CAN_GetTxMailboxesFreeLevel
 .text.HAL_CAN_GetRxMessage
                0x0000000008001c40      0x222 Drivers/STM32F1xx_HAL_Driver/Src/stm32f1xx_hal_can.o
                0x0000000008001c40                HAL_CAN_GetRxMessage
 .text.HAL_CAN_ActivateNotification
                0x0000000008001e62       0x4a Drivers/STM32F1xx_HAL_Driver/Src/stm32f1xx_hal_can.o
                0x0000000008001e62                HAL_CAN_ActivateNotification
 .text.HAL_CAN_IRQHandler
                0x0000000008001eac      0x362 Drivers/STM32F1xx_HAL_Driver/Src/stm32f1xx_hal_can.o
                0x0000000008001eac                HAL_CAN_IRQHandler
 .text.HAL_CAN_TxMailbox0CompleteCallback
                0x000000000800220e       0x12 Drivers/STM32F1xx_HAL_Driver/Src/stm32f1xx_hal_can.o
                0x000000000800220e                HAL_CAN_TxMailbox0CompleteCallback
 .text.HAL_CAN_TxMailbox1CompleteCallback
                0x0000000008002220       0x12 Drivers/STM32F1xx_HAL_Driver/Src/stm32f1xx_hal_can.o
                0x0000000008002220                HAL_CAN_TxMailbox1CompleteCallback
 .text.HAL_CAN_TxMailbox2CompleteCallback
                0x0000000008002232       0x12 Drivers/STM32F1xx_HAL_Driver/Src/stm32f1xx_hal_can.o
                0x0000000008002232                HAL_CAN_TxMailbox2CompleteCallback
 .text.HAL_CAN_TxMailbox0AbortCallback
                0x0000000008002244       0x12 Drivers/STM32F1xx_HAL_Driver/Src/stm32f1xx_hal_can.o
                0x0000000008002244                HAL_CAN_TxMailbox0AbortCallback
 .text.HAL_CAN_TxMailbox1AbortCallback
                0x0000000008002256       0x12 Drivers/STM32F1xx_HAL_Driver/Src/stm32f1xx_hal_can.o
                0x0000000008002256                HAL_CAN_TxMailbox1AbortCallback
 .text.HAL_CAN_TxMailbox2AbortCallback
                0x0000000008002268       0x12 Drivers/STM32F1xx_HAL_Driver/Src/stm32f1xx_hal_can.o
                0x0000000008002268                HAL_CAN_TxMailbox2AbortCallback
 .text.HAL_CAN_RxFifo0FullCallback
                0x000000000800227a       0x12 Drivers/STM32F1xx_HAL_Driver/Src/stm32f1xx_hal_can.o
                0x000000000800227a                HAL_CAN_RxFifo0FullCallback
 .text.HAL_CAN_RxFifo1MsgPendingCallback
                0x000000000800228c       0x12 Drivers/STM32F1xx_HAL_Driver/Src/stm32f1xx_hal_can.o
                0x000000000800228c                HAL_CAN_RxFifo1MsgPendingCallback
 .text.HAL_CAN_RxFifo1FullCallback
                0x000000000800229e       0x12 Drivers/STM32F1xx_HAL_Driver/Src/stm32f1xx_hal_can.o
                0x000000000800229e                HAL_CAN_RxFifo1FullCallback
 .text.HAL_CAN_SleepCallback
                0x00000000080022b0       0x12 Drivers/STM32F1xx_HAL_Driver/Src/stm32f1xx_hal_can.o
                0x00000000080022b0                HAL_CAN_SleepCallback
 .text.HAL_CAN_WakeUpFromRxMsgCallback
                0x00000000080022c2       0x12 Drivers/STM32F1xx_HAL_Driver/Src/stm32f1xx_hal_can.o
                0x00000000080022c2                HAL_CAN_WakeUpFromRxMsgCallback
 .text.HAL_CAN_ErrorCallback
                0x00000000080022d4       0x12 Drivers/STM32F1xx_HAL_Driver/Src/stm32f1xx_hal_can.o
                0x00000000080022d4                HAL_CAN_ErrorCallback
 *fill*         0x00000000080022e6        0x2 
 .text.__NVIC_SetPriorityGrouping
                0x00000000080022e8       0x48 Drivers/STM32F1xx_HAL_Driver/Src/stm32f1xx_hal_cortex.o
 .text.__NVIC_GetPriorityGrouping
                0x0000000008002330       0x1c Drivers/STM32F1xx_HAL_Driver/Src/stm32f1xx_hal_cortex.o
 .text.__NVIC_EnableIRQ
                0x000000000800234c       0x38 Drivers/STM32F1xx_HAL_Driver/Src/stm32f1xx_hal_cortex.o
 .text.__NVIC_SetPriority
                0x0000000008002384       0x54 Drivers/STM32F1xx_HAL_Driver/Src/stm32f1xx_hal_cortex.o
 .text.NVIC_EncodePriority
                0x00000000080023d8       0x64 Drivers/STM32F1xx_HAL_Driver/Src/stm32f1xx_hal_cortex.o
 .text.SysTick_Config
                0x000000000800243c       0x44 Drivers/STM32F1xx_HAL_Driver/Src/stm32f1xx_hal_cortex.o
 .text.HAL_NVIC_SetPriorityGrouping
                0x0000000008002480       0x16 Drivers/STM32F1xx_HAL_Driver/Src/stm32f1xx_hal_cortex.o
                0x0000000008002480                HAL_NVIC_SetPriorityGrouping
 .text.HAL_NVIC_SetPriority
                0x0000000008002496       0x38 Drivers/STM32F1xx_HAL_Driver/Src/stm32f1xx_hal_cortex.o
                0x0000000008002496                HAL_NVIC_SetPriority
 .text.HAL_NVIC_EnableIRQ
                0x00000000080024ce       0x1c Drivers/STM32F1xx_HAL_Driver/Src/stm32f1xx_hal_cortex.o
                0x00000000080024ce                HAL_NVIC_EnableIRQ
 .text.HAL_SYSTICK_Config
                0x00000000080024ea       0x18 Drivers/STM32F1xx_HAL_Driver/Src/stm32f1xx_hal_cortex.o
                0x00000000080024ea                HAL_SYSTICK_Config
 *fill*         0x0000000008002502        0x2 
 .text.HAL_GPIO_Init
                0x0000000008002504      0x2b4 Drivers/STM32F1xx_HAL_Driver/Src/stm32f1xx_hal_gpio.o
                0x0000000008002504                HAL_GPIO_Init
 .text.HAL_GPIO_ReadPin
                0x00000000080027b8       0x2e Drivers/STM32F1xx_HAL_Driver/Src/stm32f1xx_hal_gpio.o
                0x00000000080027b8                HAL_GPIO_ReadPin
 .text.HAL_GPIO_WritePin
                0x00000000080027e6       0x30 Drivers/STM32F1xx_HAL_Driver/Src/stm32f1xx_hal_gpio.o
                0x00000000080027e6                HAL_GPIO_WritePin
 .text.HAL_GPIO_TogglePin
                0x0000000008002816       0x30 Drivers/STM32F1xx_HAL_Driver/Src/stm32f1xx_hal_gpio.o
                0x0000000008002816                HAL_GPIO_TogglePin
 *fill*         0x0000000008002846        0x2 
 .text.HAL_RCC_OscConfig
                0x0000000008002848      0x500 Drivers/STM32F1xx_HAL_Driver/Src/stm32f1xx_hal_rcc.o
                0x0000000008002848                HAL_RCC_OscConfig
 .text.HAL_RCC_ClockConfig
                0x0000000008002d48      0x1d4 Drivers/STM32F1xx_HAL_Driver/Src/stm32f1xx_hal_rcc.o
                0x0000000008002d48                HAL_RCC_ClockConfig
 .text.HAL_RCC_GetSysClockFreq
                0x0000000008002f1c       0xc4 Drivers/STM32F1xx_HAL_Driver/Src/stm32f1xx_hal_rcc.o
                0x0000000008002f1c                HAL_RCC_GetSysClockFreq
 .text.HAL_RCC_GetHCLKFreq
                0x0000000008002fe0       0x14 Drivers/STM32F1xx_HAL_Driver/Src/stm32f1xx_hal_rcc.o
                0x0000000008002fe0                HAL_RCC_GetHCLKFreq
 .text.HAL_RCC_GetPCLK1Freq
                0x0000000008002ff4       0x28 Drivers/STM32F1xx_HAL_Driver/Src/stm32f1xx_hal_rcc.o
                0x0000000008002ff4                HAL_RCC_GetPCLK1Freq
 .text.HAL_RCC_GetPCLK2Freq
                0x000000000800301c       0x28 Drivers/STM32F1xx_HAL_Driver/Src/stm32f1xx_hal_rcc.o
                0x000000000800301c                HAL_RCC_GetPCLK2Freq
 .text.RCC_Delay
                0x0000000008003044       0x3c Drivers/STM32F1xx_HAL_Driver/Src/stm32f1xx_hal_rcc.o
 .text.HAL_TIM_Base_Init
                0x0000000008003080       0x56 Drivers/STM32F1xx_HAL_Driver/Src/stm32f1xx_hal_tim.o
                0x0000000008003080                HAL_TIM_Base_Init
 .text.HAL_TIM_Base_Start_IT
                0x00000000080030d6       0x46 Drivers/STM32F1xx_HAL_Driver/Src/stm32f1xx_hal_tim.o
                0x00000000080030d6                HAL_TIM_Base_Start_IT
 .text.HAL_TIM_IRQHandler
                0x000000000800311c      0x210 Drivers/STM32F1xx_HAL_Driver/Src/stm32f1xx_hal_tim.o
                0x000000000800311c                HAL_TIM_IRQHandler
 .text.HAL_TIM_ConfigClockSource
                0x000000000800332c      0x16e Drivers/STM32F1xx_HAL_Driver/Src/stm32f1xx_hal_tim.o
                0x000000000800332c                HAL_TIM_ConfigClockSource
 .text.HAL_TIM_OC_DelayElapsedCallback
                0x000000000800349a       0x12 Drivers/STM32F1xx_HAL_Driver/Src/stm32f1xx_hal_tim.o
                0x000000000800349a                HAL_TIM_OC_DelayElapsedCallback
 .text.HAL_TIM_IC_CaptureCallback
                0x00000000080034ac       0x12 Drivers/STM32F1xx_HAL_Driver/Src/stm32f1xx_hal_tim.o
                0x00000000080034ac                HAL_TIM_IC_CaptureCallback
 .text.HAL_TIM_PWM_PulseFinishedCallback
                0x00000000080034be       0x12 Drivers/STM32F1xx_HAL_Driver/Src/stm32f1xx_hal_tim.o
                0x00000000080034be                HAL_TIM_PWM_PulseFinishedCallback
 .text.HAL_TIM_TriggerCallback
                0x00000000080034d0       0x12 Drivers/STM32F1xx_HAL_Driver/Src/stm32f1xx_hal_tim.o
                0x00000000080034d0                HAL_TIM_TriggerCallback
 *fill*         0x00000000080034e2        0x2 
 .text.TIM_Base_SetConfig
                0x00000000080034e4       0xc4 Drivers/STM32F1xx_HAL_Driver/Src/stm32f1xx_hal_tim.o
                0x00000000080034e4                TIM_Base_SetConfig
 .text.TIM_TI1_ConfigInputStage
                0x00000000080035a8       0x5c Drivers/STM32F1xx_HAL_Driver/Src/stm32f1xx_hal_tim.o
 .text.TIM_TI2_ConfigInputStage
                0x0000000008003604       0x5e Drivers/STM32F1xx_HAL_Driver/Src/stm32f1xx_hal_tim.o
 .text.TIM_ITRx_SetConfig
                0x0000000008003662       0x34 Drivers/STM32F1xx_HAL_Driver/Src/stm32f1xx_hal_tim.o
 .text.TIM_ETR_SetConfig
                0x0000000008003696       0x3e Drivers/STM32F1xx_HAL_Driver/Src/stm32f1xx_hal_tim.o
                0x0000000008003696                TIM_ETR_SetConfig
 .text.HAL_TIMEx_MasterConfigSynchronization
                0x00000000080036d4       0x88 Drivers/STM32F1xx_HAL_Driver/Src/stm32f1xx_hal_tim_ex.o
                0x00000000080036d4                HAL_TIMEx_MasterConfigSynchronization
 .text.HAL_TIMEx_CommutCallback
                0x000000000800375c       0x12 Drivers/STM32F1xx_HAL_Driver/Src/stm32f1xx_hal_tim_ex.o
                0x000000000800375c                HAL_TIMEx_CommutCallback
 .text.HAL_TIMEx_BreakCallback
                0x000000000800376e       0x12 Drivers/STM32F1xx_HAL_Driver/Src/stm32f1xx_hal_tim_ex.o
                0x000000000800376e                HAL_TIMEx_BreakCallback
 .text.HAL_UART_Init
                0x0000000008003780       0x9a Drivers/STM32F1xx_HAL_Driver/Src/stm32f1xx_hal_uart.o
                0x0000000008003780                HAL_UART_Init
 *fill*         0x000000000800381a        0x2 
 .text.UART_SetConfig
                0x000000000800381c      0x1b4 Drivers/STM32F1xx_HAL_Driver/Src/stm32f1xx_hal_uart.o
 .text.__libc_init_array
                0x00000000080039d0       0x48 d:/st/stm32cubeide_1.3.0/stm32cubeide/plugins/com.st.stm32cube.ide.mcu.externaltools.gnu-tools-for-stm32.7-2018-q2-update.win32_1.0.0.201904181610/tools/bin/../lib/gcc/arm-none-eabi/7.3.1/../../../../arm-none-eabi/lib/thumb/v7-m\libc_nano.a(lib_a-init.o)
                0x00000000080039d0                __libc_init_array
 .text.memset   0x0000000008003a18       0x10 d:/st/stm32cubeide_1.3.0/stm32cubeide/plugins/com.st.stm32cube.ide.mcu.externaltools.gnu-tools-for-stm32.7-2018-q2-update.win32_1.0.0.201904181610/tools/bin/../lib/gcc/arm-none-eabi/7.3.1/../../../../arm-none-eabi/lib/thumb/v7-m\libc_nano.a(lib_a-memset.o)
                0x0000000008003a18                memset
 *(.glue_7)
 .glue_7        0x0000000008003a28        0x0 linker stubs
 *(.glue_7t)
 .glue_7t       0x0000000008003a28        0x0 linker stubs
 *(.eh_frame)
 .eh_frame      0x0000000008003a28        0x0 d:/st/stm32cubeide_1.3.0/stm32cubeide/plugins/com.st.stm32cube.ide.mcu.externaltools.gnu-tools-for-stm32.7-2018-q2-update.win32_1.0.0.201904181610/tools/bin/../lib/gcc/arm-none-eabi/7.3.1/thumb/v7-m/crtbegin.o
 *(.init)
 .init          0x0000000008003a28        0x4 d:/st/stm32cubeide_1.3.0/stm32cubeide/plugins/com.st.stm32cube.ide.mcu.externaltools.gnu-tools-for-stm32.7-2018-q2-update.win32_1.0.0.201904181610/tools/bin/../lib/gcc/arm-none-eabi/7.3.1/thumb/v7-m/crti.o
                0x0000000008003a28                _init
 .init          0x0000000008003a2c        0x8 d:/st/stm32cubeide_1.3.0/stm32cubeide/plugins/com.st.stm32cube.ide.mcu.externaltools.gnu-tools-for-stm32.7-2018-q2-update.win32_1.0.0.201904181610/tools/bin/../lib/gcc/arm-none-eabi/7.3.1/thumb/v7-m/crtn.o
 *(.fini)
 .fini          0x0000000008003a34        0x4 d:/st/stm32cubeide_1.3.0/stm32cubeide/plugins/com.st.stm32cube.ide.mcu.externaltools.gnu-tools-for-stm32.7-2018-q2-update.win32_1.0.0.201904181610/tools/bin/../lib/gcc/arm-none-eabi/7.3.1/thumb/v7-m/crti.o
                0x0000000008003a34                _fini
 .fini          0x0000000008003a38        0x8 d:/st/stm32cubeide_1.3.0/stm32cubeide/plugins/com.st.stm32cube.ide.mcu.externaltools.gnu-tools-for-stm32.7-2018-q2-update.win32_1.0.0.201904181610/tools/bin/../lib/gcc/arm-none-eabi/7.3.1/thumb/v7-m/crtn.o
                0x0000000008003a40                . = ALIGN (0x4)
                0x0000000008003a40                _etext = .

.vfp11_veneer   0x0000000008003a40        0x0
 .vfp11_veneer  0x0000000008003a40        0x0 linker stubs

.v4_bx          0x0000000008003a40        0x0
 .v4_bx         0x0000000008003a40        0x0 linker stubs

.iplt           0x0000000008003a40        0x0
 .iplt          0x0000000008003a40        0x0 d:/st/stm32cubeide_1.3.0/stm32cubeide/plugins/com.st.stm32cube.ide.mcu.externaltools.gnu-tools-for-stm32.7-2018-q2-update.win32_1.0.0.201904181610/tools/bin/../lib/gcc/arm-none-eabi/7.3.1/thumb/v7-m/crtbegin.o

.rodata         0x0000000008003a40       0x2c
                0x0000000008003a40                . = ALIGN (0x4)
 *(.rodata)
 .rodata        0x0000000008003a40       0x12 Drivers/STM32F1xx_HAL_Driver/Src/stm32f1xx_hal_rcc.o
 *(.rodata*)
 *fill*         0x0000000008003a52        0x2 
 .rodata.AHBPrescTable
                0x0000000008003a54       0x10 Core/Src/system_stm32f1xx.o
                0x0000000008003a54                AHBPrescTable
 .rodata.APBPrescTable
                0x0000000008003a64        0x8 Core/Src/system_stm32f1xx.o
                0x0000000008003a64                APBPrescTable
                0x0000000008003a6c                . = ALIGN (0x4)

.rel.dyn        0x0000000008003a6c        0x0
 .rel.iplt      0x0000000008003a6c        0x0 d:/st/stm32cubeide_1.3.0/stm32cubeide/plugins/com.st.stm32cube.ide.mcu.externaltools.gnu-tools-for-stm32.7-2018-q2-update.win32_1.0.0.201904181610/tools/bin/../lib/gcc/arm-none-eabi/7.3.1/thumb/v7-m/crtbegin.o

.ARM.extab      0x0000000008003a6c        0x0
                0x0000000008003a6c                . = ALIGN (0x4)
 *(.ARM.extab* .gnu.linkonce.armextab.*)
                0x0000000008003a6c                . = ALIGN (0x4)

.ARM            0x0000000008003a6c        0x0
                0x0000000008003a6c                . = ALIGN (0x4)
                0x0000000008003a6c                __exidx_start = .
 *(.ARM.exidx*)
                0x0000000008003a6c                __exidx_end = .
                0x0000000008003a6c                . = ALIGN (0x4)

.preinit_array  0x0000000008003a6c        0x0
                0x0000000008003a6c                . = ALIGN (0x4)
                0x0000000008003a6c                PROVIDE (__preinit_array_start = .)
 *(.preinit_array*)
                0x0000000008003a6c                PROVIDE (__preinit_array_end = .)
                0x0000000008003a6c                . = ALIGN (0x4)

.init_array     0x0000000008003a6c        0x4
                0x0000000008003a6c                . = ALIGN (0x4)
                0x0000000008003a6c                PROVIDE (__init_array_start = .)
 *(SORT_BY_NAME(.init_array.*))
 *(.init_array*)
 .init_array    0x0000000008003a6c        0x4 d:/st/stm32cubeide_1.3.0/stm32cubeide/plugins/com.st.stm32cube.ide.mcu.externaltools.gnu-tools-for-stm32.7-2018-q2-update.win32_1.0.0.201904181610/tools/bin/../lib/gcc/arm-none-eabi/7.3.1/thumb/v7-m/crtbegin.o
                0x0000000008003a70                PROVIDE (__init_array_end = .)
                0x0000000008003a70                . = ALIGN (0x4)

.fini_array     0x0000000008003a70        0x4
                0x0000000008003a70                . = ALIGN (0x4)
                [!provide]                        PROVIDE (__fini_array_start = .)
 *(SORT_BY_NAME(.fini_array.*))
 *(.fini_array*)
 .fini_array    0x0000000008003a70        0x4 d:/st/stm32cubeide_1.3.0/stm32cubeide/plugins/com.st.stm32cube.ide.mcu.externaltools.gnu-tools-for-stm32.7-2018-q2-update.win32_1.0.0.201904181610/tools/bin/../lib/gcc/arm-none-eabi/7.3.1/thumb/v7-m/crtbegin.o
                [!provide]                        PROVIDE (__fini_array_end = .)
                0x0000000008003a74                . = ALIGN (0x4)
                0x0000000008003a74                _sidata = LOADADDR (.data)

.data           0x0000000020000000        0xc load address 0x0000000008003a74
                0x0000000020000000                . = ALIGN (0x4)
                0x0000000020000000                _sdata = .
 *(.data)
 *(.data*)
 .data.SystemCoreClock
                0x0000000020000000        0x4 Core/Src/system_stm32f1xx.o
                0x0000000020000000                SystemCoreClock
 .data.uwTickPrio
                0x0000000020000004        0x4 Drivers/STM32F1xx_HAL_Driver/Src/stm32f1xx_hal.o
                0x0000000020000004                uwTickPrio
 .data.uwTickFreq
                0x0000000020000008        0x1 Drivers/STM32F1xx_HAL_Driver/Src/stm32f1xx_hal.o
                0x0000000020000008                uwTickFreq
                0x000000002000000c                . = ALIGN (0x4)
 *fill*         0x0000000020000009        0x3 
                0x000000002000000c                _edata = .

.igot.plt       0x000000002000000c        0x0 load address 0x0000000008003a80
 .igot.plt      0x000000002000000c        0x0 d:/st/stm32cubeide_1.3.0/stm32cubeide/plugins/com.st.stm32cube.ide.mcu.externaltools.gnu-tools-for-stm32.7-2018-q2-update.win32_1.0.0.201904181610/tools/bin/../lib/gcc/arm-none-eabi/7.3.1/thumb/v7-m/crtbegin.o
                0x000000002000000c                . = ALIGN (0x4)

.bss            0x000000002000000c      0x174 load address 0x0000000008003a80
                0x000000002000000c                _sbss = .
                0x000000002000000c                __bss_start__ = _sbss
 *(.bss)
 .bss           0x000000002000000c       0x1c d:/st/stm32cubeide_1.3.0/stm32cubeide/plugins/com.st.stm32cube.ide.mcu.externaltools.gnu-tools-for-stm32.7-2018-q2-update.win32_1.0.0.201904181610/tools/bin/../lib/gcc/arm-none-eabi/7.3.1/thumb/v7-m/crtbegin.o
 *(.bss*)
 .bss.aebKey    0x0000000020000028       0x14 Core/Src/Key.o
                0x0000000020000028                aebKey
 .bss.volumeKey
                0x000000002000003c       0x14 Core/Src/Key.o
                0x000000002000003c                volumeKey
 .bss.reserveKey
                0x0000000020000050       0x14 Core/Src/Key.o
                0x0000000020000050                reserveKey
 .bss.volCnt.6775
                0x0000000020000064        0x1 Core/Src/Key.o
 .bss.hardware  0x0000000020000065        0x1 Core/Src/can.o
                0x0000000020000065                hardware
 .bss.canTxCnt  0x0000000020000066        0x1 Core/Src/can.o
                0x0000000020000066                canTxCnt
 .bss.aebConnected
                0x0000000020000067        0x1 Core/Src/main.o
                0x0000000020000067                aebConnected
 .bss.bsdConnected
                0x0000000020000068        0x1 Core/Src/main.o
                0x0000000020000068                bsdConnected
 *fill*         0x0000000020000069        0x3 
 .bss.latchSta  0x000000002000006c        0x4 Core/Src/main.o
                0x000000002000006c                latchSta
 .bss.keyCnt    0x0000000020000070        0x4 Core/Src/main.o
                0x0000000020000070                keyCnt
 .bss.voice     0x0000000020000074        0x1 Core/Src/speaker.o
 *fill*         0x0000000020000075        0x3 
 .bss.usCnt100  0x0000000020000078        0x4 Core/Src/tim.o
                0x0000000020000078                usCnt100
 *(COMMON)
 COMMON         0x000000002000007c       0x78 Core/Src/can.o
                0x000000002000007c                aeb
                0x0000000020000084                hcan
                0x00000000200000ac                msg11d
                0x00000000200000b8                watchTx
                0x00000000200000c0                msg11c
                0x00000000200000cc                watchRx
                0x00000000200000d4                msg11e
                0x00000000200000e0                msg11b
                0x00000000200000ec                bsd
 COMMON         0x00000000200000f4        0x8 Core/Src/led.o
                0x00000000200000f4                blinkflag
 COMMON         0x00000000200000fc       0x40 Core/Src/tim.o
                0x00000000200000fc                htim2
 COMMON         0x000000002000013c       0x40 Core/Src/usart.o
                0x000000002000013c                huart1
 COMMON         0x000000002000017c        0x4 Drivers/STM32F1xx_HAL_Driver/Src/stm32f1xx_hal.o
                0x000000002000017c                uwTick
                0x0000000020000180                . = ALIGN (0x4)
                0x0000000020000180                _ebss = .
                0x0000000020000180                __bss_end__ = _ebss

._user_heap_stack
                0x0000000020000180      0x600 load address 0x0000000008003a80
                0x0000000020000180                . = ALIGN (0x8)
                0x0000000020000180                PROVIDE (end = .)
                [!provide]                        PROVIDE (_end = .)
                0x0000000020000380                . = (. + _Min_Heap_Size)
 *fill*         0x0000000020000180      0x200 
                0x0000000020000780                . = (. + _Min_Stack_Size)
 *fill*         0x0000000020000380      0x400 
                0x0000000020000780                . = ALIGN (0x8)

/DISCARD/
 libc.a(*)
 libm.a(*)
 libgcc.a(*)

.ARM.attributes
                0x0000000000000000       0x29
 *(.ARM.attributes)
 .ARM.attributes
                0x0000000000000000       0x1d d:/st/stm32cubeide_1.3.0/stm32cubeide/plugins/com.st.stm32cube.ide.mcu.externaltools.gnu-tools-for-stm32.7-2018-q2-update.win32_1.0.0.201904181610/tools/bin/../lib/gcc/arm-none-eabi/7.3.1/thumb/v7-m/crti.o
 .ARM.attributes
                0x000000000000001d       0x2d d:/st/stm32cubeide_1.3.0/stm32cubeide/plugins/com.st.stm32cube.ide.mcu.externaltools.gnu-tools-for-stm32.7-2018-q2-update.win32_1.0.0.201904181610/tools/bin/../lib/gcc/arm-none-eabi/7.3.1/thumb/v7-m/crtbegin.o
 .ARM.attributes
                0x000000000000004a       0x33 Core/Src/Key.o
 .ARM.attributes
                0x000000000000007d       0x33 Core/Src/can.o
 .ARM.attributes
                0x00000000000000b0       0x33 Core/Src/gpio.o
 .ARM.attributes
                0x00000000000000e3       0x33 Core/Src/led.o
 .ARM.attributes
                0x0000000000000116       0x33 Core/Src/main.o
 .ARM.attributes
                0x0000000000000149       0x33 Core/Src/speaker.o
 .ARM.attributes
                0x000000000000017c       0x33 Core/Src/stm32f1xx_hal_msp.o
 .ARM.attributes
                0x00000000000001af       0x33 Core/Src/stm32f1xx_it.o
 .ARM.attributes
                0x00000000000001e2       0x33 Core/Src/system_stm32f1xx.o
 .ARM.attributes
                0x0000000000000215       0x33 Core/Src/tim.o
 .ARM.attributes
                0x0000000000000248       0x33 Core/Src/usart.o
 .ARM.attributes
                0x000000000000027b       0x21 Core/Startup/startup_stm32f103c8tx.o
 .ARM.attributes
                0x000000000000029c       0x33 Drivers/STM32F1xx_HAL_Driver/Src/stm32f1xx_hal.o
 .ARM.attributes
                0x00000000000002cf       0x33 Drivers/STM32F1xx_HAL_Driver/Src/stm32f1xx_hal_can.o
 .ARM.attributes
                0x0000000000000302       0x33 Drivers/STM32F1xx_HAL_Driver/Src/stm32f1xx_hal_cortex.o
 .ARM.attributes
                0x0000000000000335       0x33 Drivers/STM32F1xx_HAL_Driver/Src/stm32f1xx_hal_gpio.o
 .ARM.attributes
                0x0000000000000368       0x33 Drivers/STM32F1xx_HAL_Driver/Src/stm32f1xx_hal_rcc.o
 .ARM.attributes
                0x000000000000039b       0x33 Drivers/STM32F1xx_HAL_Driver/Src/stm32f1xx_hal_tim.o
 .ARM.attributes
                0x00000000000003ce       0x33 Drivers/STM32F1xx_HAL_Driver/Src/stm32f1xx_hal_tim_ex.o
 .ARM.attributes
                0x0000000000000401       0x33 Drivers/STM32F1xx_HAL_Driver/Src/stm32f1xx_hal_uart.o
 .ARM.attributes
                0x0000000000000434       0x2d d:/st/stm32cubeide_1.3.0/stm32cubeide/plugins/com.st.stm32cube.ide.mcu.externaltools.gnu-tools-for-stm32.7-2018-q2-update.win32_1.0.0.201904181610/tools/bin/../lib/gcc/arm-none-eabi/7.3.1/../../../../arm-none-eabi/lib/thumb/v7-m\libc_nano.a(lib_a-init.o)
 .ARM.attributes
                0x0000000000000461       0x2d d:/st/stm32cubeide_1.3.0/stm32cubeide/plugins/com.st.stm32cube.ide.mcu.externaltools.gnu-tools-for-stm32.7-2018-q2-update.win32_1.0.0.201904181610/tools/bin/../lib/gcc/arm-none-eabi/7.3.1/../../../../arm-none-eabi/lib/thumb/v7-m\libc_nano.a(lib_a-memset.o)
 .ARM.attributes
                0x000000000000048e       0x1d d:/st/stm32cubeide_1.3.0/stm32cubeide/plugins/com.st.stm32cube.ide.mcu.externaltools.gnu-tools-for-stm32.7-2018-q2-update.win32_1.0.0.201904181610/tools/bin/../lib/gcc/arm-none-eabi/7.3.1/thumb/v7-m/crtn.o
OUTPUT(WatchV02.elf elf32-littlearm)

.debug_info     0x0000000000000000    0x142da
 .debug_info    0x0000000000000000     0x1820 Core/Src/Key.o
 .debug_info    0x0000000000001820     0x1c7c Core/Src/can.o
 .debug_info    0x000000000000349c     0x11a7 Core/Src/gpio.o
 .debug_info    0x0000000000004643     0x1102 Core/Src/led.o
 .debug_info    0x0000000000005745     0x1967 Core/Src/main.o
 .debug_info    0x00000000000070ac     0x17de Core/Src/speaker.o
 .debug_info    0x000000000000888a      0xadd Core/Src/stm32f1xx_hal_msp.o
 .debug_info    0x0000000000009367     0x1255 Core/Src/stm32f1xx_it.o
 .debug_info    0x000000000000a5bc      0x433 Core/Src/system_stm32f1xx.o
 .debug_info    0x000000000000a9ef     0x1179 Core/Src/tim.o
 .debug_info    0x000000000000bb68      0xfb8 Core/Src/usart.o
 .debug_info    0x000000000000cb20       0x22 Core/Startup/startup_stm32f103c8tx.o
 .debug_info    0x000000000000cb42      0x6fe Drivers/STM32F1xx_HAL_Driver/Src/stm32f1xx_hal.o
 .debug_info    0x000000000000d240      0xf92 Drivers/STM32F1xx_HAL_Driver/Src/stm32f1xx_hal_can.o
 .debug_info    0x000000000000e1d2      0xb46 Drivers/STM32F1xx_HAL_Driver/Src/stm32f1xx_hal_cortex.o
 .debug_info    0x000000000000ed18      0x681 Drivers/STM32F1xx_HAL_Driver/Src/stm32f1xx_hal_gpio.o
 .debug_info    0x000000000000f399      0x804 Drivers/STM32F1xx_HAL_Driver/Src/stm32f1xx_hal_rcc.o
 .debug_info    0x000000000000fb9d     0x2456 Drivers/STM32F1xx_HAL_Driver/Src/stm32f1xx_hal_tim.o
 .debug_info    0x0000000000011ff3     0x1104 Drivers/STM32F1xx_HAL_Driver/Src/stm32f1xx_hal_tim_ex.o
 .debug_info    0x00000000000130f7     0x11e3 Drivers/STM32F1xx_HAL_Driver/Src/stm32f1xx_hal_uart.o

.debug_abbrev   0x0000000000000000     0x2a93
 .debug_abbrev  0x0000000000000000      0x2c8 Core/Src/Key.o
 .debug_abbrev  0x00000000000002c8      0x31a Core/Src/can.o
 .debug_abbrev  0x00000000000005e2      0x25f Core/Src/gpio.o
 .debug_abbrev  0x0000000000000841      0x2a6 Core/Src/led.o
 .debug_abbrev  0x0000000000000ae7      0x2a9 Core/Src/main.o
 .debug_abbrev  0x0000000000000d90      0x284 Core/Src/speaker.o
 .debug_abbrev  0x0000000000001014      0x1c5 Core/Src/stm32f1xx_hal_msp.o
 .debug_abbrev  0x00000000000011d9      0x1f6 Core/Src/stm32f1xx_it.o
 .debug_abbrev  0x00000000000013cf      0x134 Core/Src/system_stm32f1xx.o
 .debug_abbrev  0x0000000000001503      0x235 Core/Src/tim.o
 .debug_abbrev  0x0000000000001738      0x1fb Core/Src/usart.o
 .debug_abbrev  0x0000000000001933       0x12 Core/Startup/startup_stm32f103c8tx.o
 .debug_abbrev  0x0000000000001945      0x1d8 Drivers/STM32F1xx_HAL_Driver/Src/stm32f1xx_hal.o
 .debug_abbrev  0x0000000000001b1d      0x20e Drivers/STM32F1xx_HAL_Driver/Src/stm32f1xx_hal_can.o
 .debug_abbrev  0x0000000000001d2b      0x2d5 Drivers/STM32F1xx_HAL_Driver/Src/stm32f1xx_hal_cortex.o
 .debug_abbrev  0x0000000000002000      0x1c0 Drivers/STM32F1xx_HAL_Driver/Src/stm32f1xx_hal_gpio.o
 .debug_abbrev  0x00000000000021c0      0x243 Drivers/STM32F1xx_HAL_Driver/Src/stm32f1xx_hal_rcc.o
 .debug_abbrev  0x0000000000002403      0x230 Drivers/STM32F1xx_HAL_Driver/Src/stm32f1xx_hal_tim.o
 .debug_abbrev  0x0000000000002633      0x21e Drivers/STM32F1xx_HAL_Driver/Src/stm32f1xx_hal_tim_ex.o
 .debug_abbrev  0x0000000000002851      0x242 Drivers/STM32F1xx_HAL_Driver/Src/stm32f1xx_hal_uart.o

.debug_aranges  0x0000000000000000      0xe18
 .debug_aranges
                0x0000000000000000       0x60 Core/Src/Key.o
 .debug_aranges
                0x0000000000000060       0x58 Core/Src/can.o
 .debug_aranges
                0x00000000000000b8       0x38 Core/Src/gpio.o
 .debug_aranges
                0x00000000000000f0       0x80 Core/Src/led.o
 .debug_aranges
                0x0000000000000170       0x38 Core/Src/main.o
 .debug_aranges
                0x00000000000001a8       0x58 Core/Src/speaker.o
 .debug_aranges
                0x0000000000000200       0x20 Core/Src/stm32f1xx_hal_msp.o
 .debug_aranges
                0x0000000000000220       0x70 Core/Src/stm32f1xx_it.o
 .debug_aranges
                0x0000000000000290       0x28 Core/Src/system_stm32f1xx.o
 .debug_aranges
                0x00000000000002b8       0x40 Core/Src/tim.o
 .debug_aranges
                0x00000000000002f8       0x30 Core/Src/usart.o
 .debug_aranges
                0x0000000000000328       0x28 Core/Startup/startup_stm32f103c8tx.o
 .debug_aranges
                0x0000000000000350       0xe0 Drivers/STM32F1xx_HAL_Driver/Src/stm32f1xx_hal.o
 .debug_aranges
                0x0000000000000430      0x138 Drivers/STM32F1xx_HAL_Driver/Src/stm32f1xx_hal_can.o
 .debug_aranges
                0x0000000000000568      0x100 Drivers/STM32F1xx_HAL_Driver/Src/stm32f1xx_hal_cortex.o
 .debug_aranges
                0x0000000000000668       0x58 Drivers/STM32F1xx_HAL_Driver/Src/stm32f1xx_hal_gpio.o
 .debug_aranges
                0x00000000000006c0       0x90 Drivers/STM32F1xx_HAL_Driver/Src/stm32f1xx_hal_rcc.o
 .debug_aranges
                0x0000000000000750      0x3a8 Drivers/STM32F1xx_HAL_Driver/Src/stm32f1xx_hal_tim.o
 .debug_aranges
                0x0000000000000af8      0x150 Drivers/STM32F1xx_HAL_Driver/Src/stm32f1xx_hal_tim_ex.o
 .debug_aranges
                0x0000000000000c48      0x1d0 Drivers/STM32F1xx_HAL_Driver/Src/stm32f1xx_hal_uart.o

.debug_ranges   0x0000000000000000      0xce0
 .debug_ranges  0x0000000000000000       0x50 Core/Src/Key.o
 .debug_ranges  0x0000000000000050       0x48 Core/Src/can.o
 .debug_ranges  0x0000000000000098       0x28 Core/Src/gpio.o
 .debug_ranges  0x00000000000000c0       0x70 Core/Src/led.o
 .debug_ranges  0x0000000000000130       0x28 Core/Src/main.o
 .debug_ranges  0x0000000000000158       0x48 Core/Src/speaker.o
 .debug_ranges  0x00000000000001a0       0x10 Core/Src/stm32f1xx_hal_msp.o
 .debug_ranges  0x00000000000001b0       0x60 Core/Src/stm32f1xx_it.o
 .debug_ranges  0x0000000000000210       0x18 Core/Src/system_stm32f1xx.o
 .debug_ranges  0x0000000000000228       0x30 Core/Src/tim.o
 .debug_ranges  0x0000000000000258       0x20 Core/Src/usart.o
 .debug_ranges  0x0000000000000278       0x20 Core/Startup/startup_stm32f103c8tx.o
 .debug_ranges  0x0000000000000298       0xd0 Drivers/STM32F1xx_HAL_Driver/Src/stm32f1xx_hal.o
 .debug_ranges  0x0000000000000368      0x128 Drivers/STM32F1xx_HAL_Driver/Src/stm32f1xx_hal_can.o
 .debug_ranges  0x0000000000000490       0xf0 Drivers/STM32F1xx_HAL_Driver/Src/stm32f1xx_hal_cortex.o
 .debug_ranges  0x0000000000000580       0x48 Drivers/STM32F1xx_HAL_Driver/Src/stm32f1xx_hal_gpio.o
 .debug_ranges  0x00000000000005c8       0x80 Drivers/STM32F1xx_HAL_Driver/Src/stm32f1xx_hal_rcc.o
 .debug_ranges  0x0000000000000648      0x398 Drivers/STM32F1xx_HAL_Driver/Src/stm32f1xx_hal_tim.o
 .debug_ranges  0x00000000000009e0      0x140 Drivers/STM32F1xx_HAL_Driver/Src/stm32f1xx_hal_tim_ex.o
 .debug_ranges  0x0000000000000b20      0x1c0 Drivers/STM32F1xx_HAL_Driver/Src/stm32f1xx_hal_uart.o

.debug_macro    0x0000000000000000    0x15ab8
 .debug_macro   0x0000000000000000      0x2fb Core/Src/Key.o
 .debug_macro   0x00000000000002fb      0xa5a Core/Src/Key.o
 .debug_macro   0x0000000000000d55      0x221 Core/Src/Key.o
 .debug_macro   0x0000000000000f76       0x2e Core/Src/Key.o
 .debug_macro   0x0000000000000fa4       0x22 Core/Src/Key.o
 .debug_macro   0x0000000000000fc6       0x22 Core/Src/Key.o
 .debug_macro   0x0000000000000fe8       0x8e Core/Src/Key.o
 .debug_macro   0x0000000000001076       0x51 Core/Src/Key.o
 .debug_macro   0x00000000000010c7       0xef Core/Src/Key.o
 .debug_macro   0x00000000000011b6       0x6a Core/Src/Key.o
 .debug_macro   0x0000000000001220      0x1df Core/Src/Key.o
 .debug_macro   0x00000000000013ff       0x1c Core/Src/Key.o
 .debug_macro   0x000000000000141b       0x22 Core/Src/Key.o
 .debug_macro   0x000000000000143d       0xc3 Core/Src/Key.o
 .debug_macro   0x0000000000001500      0xd23 Core/Src/Key.o
 .debug_macro   0x0000000000002223     0xe09e Core/Src/Key.o
 .debug_macro   0x00000000000102c1       0x43 Core/Src/Key.o
 .debug_macro   0x0000000000010304      0x174 Core/Src/Key.o
 .debug_macro   0x0000000000010478       0x5a Core/Src/Key.o
 .debug_macro   0x00000000000104d2      0x5be Core/Src/Key.o
 .debug_macro   0x0000000000010a90      0x289 Core/Src/Key.o
 .debug_macro   0x0000000000010d19      0x1cb Core/Src/Key.o
 .debug_macro   0x0000000000010ee4      0x114 Core/Src/Key.o
 .debug_macro   0x0000000000010ff8      0x1b2 Core/Src/Key.o
 .debug_macro   0x00000000000111aa       0x27 Core/Src/Key.o
 .debug_macro   0x00000000000111d1      0x136 Core/Src/Key.o
 .debug_macro   0x0000000000011307      0x1bc Core/Src/Key.o
 .debug_macro   0x00000000000114c3       0x34 Core/Src/Key.o
 .debug_macro   0x00000000000114f7       0x3c Core/Src/Key.o
 .debug_macro   0x0000000000011533      0x408 Core/Src/Key.o
 .debug_macro   0x000000000001193b       0x57 Core/Src/Key.o
 .debug_macro   0x0000000000011992       0x88 Core/Src/Key.o
 .debug_macro   0x0000000000011a1a      0x241 Core/Src/Key.o
 .debug_macro   0x0000000000011c5b      0x141 Core/Src/Key.o
 .debug_macro   0x0000000000011d9c      0x88b Core/Src/Key.o
 .debug_macro   0x0000000000012627      0x26b Core/Src/Key.o
 .debug_macro   0x0000000000012892       0x83 Core/Src/Key.o
 .debug_macro   0x0000000000012915       0x46 Core/Src/Key.o
 .debug_macro   0x000000000001295b       0x18 Core/Src/Key.o
 .debug_macro   0x0000000000012973       0x3c Core/Src/Key.o
 .debug_macro   0x00000000000129af       0x34 Core/Src/Key.o
 .debug_macro   0x00000000000129e3       0x52 Core/Src/Key.o
 .debug_macro   0x0000000000012a35       0x1f Core/Src/Key.o
 .debug_macro   0x0000000000012a54       0x43 Core/Src/Key.o
 .debug_macro   0x0000000000012a97       0x20 Core/Src/Key.o
 .debug_macro   0x0000000000012ab7      0x1a3 Core/Src/Key.o
 .debug_macro   0x0000000000012c5a      0x32a Core/Src/Key.o
 .debug_macro   0x0000000000012f84       0x10 Core/Src/Key.o
 .debug_macro   0x0000000000012f94       0x35 Core/Src/Key.o
 .debug_macro   0x0000000000012fc9       0x20 Core/Src/Key.o
 .debug_macro   0x0000000000012fe9      0x124 Core/Src/Key.o
 .debug_macro   0x000000000001310d       0x16 Core/Src/Key.o
 .debug_macro   0x0000000000013123       0x16 Core/Src/Key.o
 .debug_macro   0x0000000000013139       0xc4 Core/Src/Key.o
 .debug_macro   0x00000000000131fd       0x64 Core/Src/Key.o
 .debug_macro   0x0000000000013261       0x1c Core/Src/Key.o
 .debug_macro   0x000000000001327d      0x2cf Core/Src/can.o
 .debug_macro   0x000000000001354c       0x16 Core/Src/can.o
 .debug_macro   0x0000000000013562       0x1c Core/Src/can.o
 .debug_macro   0x000000000001357e      0x29f Core/Src/gpio.o
 .debug_macro   0x000000000001381d      0x29b Core/Src/led.o
 .debug_macro   0x0000000000013ab8       0xbe Core/Src/led.o
 .debug_macro   0x0000000000013b76      0x2f1 Core/Src/main.o
 .debug_macro   0x0000000000013e67      0x2d9 Core/Src/speaker.o
 .debug_macro   0x0000000000014140       0x10 Core/Src/speaker.o
 .debug_macro   0x0000000000014150      0x274 Core/Src/stm32f1xx_hal_msp.o
 .debug_macro   0x00000000000143c4      0x27e Core/Src/stm32f1xx_it.o
 .debug_macro   0x0000000000014642      0x1aa Core/Src/system_stm32f1xx.o
 .debug_macro   0x00000000000147ec      0x283 Core/Src/tim.o
 .debug_macro   0x0000000000014a6f      0x27e Core/Src/usart.o
 .debug_macro   0x0000000000014ced      0x1c8 Drivers/STM32F1xx_HAL_Driver/Src/stm32f1xx_hal.o
 .debug_macro   0x0000000000014eb5      0x1ac Drivers/STM32F1xx_HAL_Driver/Src/stm32f1xx_hal_can.o
 .debug_macro   0x0000000000015061      0x1a4 Drivers/STM32F1xx_HAL_Driver/Src/stm32f1xx_hal_cortex.o
 .debug_macro   0x0000000000015205      0x20f Drivers/STM32F1xx_HAL_Driver/Src/stm32f1xx_hal_gpio.o
 .debug_macro   0x0000000000015414      0x1b6 Drivers/STM32F1xx_HAL_Driver/Src/stm32f1xx_hal_rcc.o
 .debug_macro   0x00000000000155ca      0x1a5 Drivers/STM32F1xx_HAL_Driver/Src/stm32f1xx_hal_tim.o
 .debug_macro   0x000000000001576f      0x1a4 Drivers/STM32F1xx_HAL_Driver/Src/stm32f1xx_hal_tim_ex.o
 .debug_macro   0x0000000000015913      0x1a5 Drivers/STM32F1xx_HAL_Driver/Src/stm32f1xx_hal_uart.o

.debug_line     0x0000000000000000     0xbaaf
 .debug_line    0x0000000000000000      0x8df Core/Src/Key.o
 .debug_line    0x00000000000008df      0x904 Core/Src/can.o
 .debug_line    0x00000000000011e3      0x828 Core/Src/gpio.o
 .debug_line    0x0000000000001a0b      0x931 Core/Src/led.o
 .debug_line    0x000000000000233c      0x85a Core/Src/main.o
 .debug_line    0x0000000000002b96      0x8b7 Core/Src/speaker.o
 .debug_line    0x000000000000344d      0x7a2 Core/Src/stm32f1xx_hal_msp.o
 .debug_line    0x0000000000003bef      0x869 Core/Src/stm32f1xx_it.o
 .debug_line    0x0000000000004458      0x67e Core/Src/system_stm32f1xx.o
 .debug_line    0x0000000000004ad6      0x7ff Core/Src/tim.o
 .debug_line    0x00000000000052d5      0x7d7 Core/Src/usart.o
 .debug_line    0x0000000000005aac       0x84 Core/Startup/startup_stm32f103c8tx.o
 .debug_line    0x0000000000005b30      0x826 Drivers/STM32F1xx_HAL_Driver/Src/stm32f1xx_hal.o
 .debug_line    0x0000000000006356      0xaf6 Drivers/STM32F1xx_HAL_Driver/Src/stm32f1xx_hal_can.o
 .debug_line    0x0000000000006e4c      0x8ff Drivers/STM32F1xx_HAL_Driver/Src/stm32f1xx_hal_cortex.o
 .debug_line    0x000000000000774b      0x826 Drivers/STM32F1xx_HAL_Driver/Src/stm32f1xx_hal_gpio.o
 .debug_line    0x0000000000007f71      0x8e8 Drivers/STM32F1xx_HAL_Driver/Src/stm32f1xx_hal_rcc.o
 .debug_line    0x0000000000008859     0x16ec Drivers/STM32F1xx_HAL_Driver/Src/stm32f1xx_hal_tim.o
 .debug_line    0x0000000000009f45      0xc39 Drivers/STM32F1xx_HAL_Driver/Src/stm32f1xx_hal_tim_ex.o
 .debug_line    0x000000000000ab7e      0xf31 Drivers/STM32F1xx_HAL_Driver/Src/stm32f1xx_hal_uart.o

.debug_str      0x0000000000000000    0x74296
 .debug_str     0x0000000000000000    0x70b26 Core/Src/Key.o
                                      0x70ee1 (size before relaxing)
 .debug_str     0x0000000000070b26      0x54a Core/Src/can.o
                                      0x712d8 (size before relaxing)
 .debug_str     0x0000000000071070       0x62 Core/Src/gpio.o
                                      0x7096e (size before relaxing)
 .debug_str     0x00000000000710d2       0xae Core/Src/led.o
                                      0x708f3 (size before relaxing)
 .debug_str     0x0000000000071180      0x334 Core/Src/main.o
                                      0x71086 (size before relaxing)
 .debug_str     0x00000000000714b4      0x27b Core/Src/speaker.o
                                      0x70fc1 (size before relaxing)
 .debug_str     0x000000000007172f       0x50 Core/Src/stm32f1xx_hal_msp.o
                                      0x6fedb (size before relaxing)
 .debug_str     0x000000000007177f       0xcd Core/Src/stm32f1xx_it.o
                                      0x7054d (size before relaxing)
 .debug_str     0x000000000007184c       0xc2 Core/Src/system_stm32f1xx.o
                                      0x6cb24 (size before relaxing)
 .debug_str     0x000000000007190e      0x135 Core/Src/tim.o
                                      0x706ae (size before relaxing)
 .debug_str     0x0000000000071a43       0x57 Core/Src/usart.o
                                      0x702ee (size before relaxing)
 .debug_str     0x0000000000071a9a       0x36 Core/Startup/startup_stm32f103c8tx.o
                                         0x54 (size before relaxing)
 .debug_str     0x0000000000071ad0      0x39d Drivers/STM32F1xx_HAL_Driver/Src/stm32f1xx_hal.o
                                      0x6d135 (size before relaxing)
 .debug_str     0x0000000000071e6d      0x45d Drivers/STM32F1xx_HAL_Driver/Src/stm32f1xx_hal_can.o
                                      0x6d2ca (size before relaxing)
 .debug_str     0x00000000000722ca      0x2a0 Drivers/STM32F1xx_HAL_Driver/Src/stm32f1xx_hal_cortex.o
                                      0x6d143 (size before relaxing)
 .debug_str     0x000000000007256a      0x31f Drivers/STM32F1xx_HAL_Driver/Src/stm32f1xx_hal_gpio.o
                                      0x6ce6e (size before relaxing)
 .debug_str     0x0000000000072889      0x263 Drivers/STM32F1xx_HAL_Driver/Src/stm32f1xx_hal_rcc.o
                                      0x6cea7 (size before relaxing)
 .debug_str     0x0000000000072aec      0xd5f Drivers/STM32F1xx_HAL_Driver/Src/stm32f1xx_hal_tim.o
                                      0x6dc72 (size before relaxing)
 .debug_str     0x000000000007384b      0x52f Drivers/STM32F1xx_HAL_Driver/Src/stm32f1xx_hal_tim_ex.o
                                      0x6d472 (size before relaxing)
 .debug_str     0x0000000000073d7a      0x51c Drivers/STM32F1xx_HAL_Driver/Src/stm32f1xx_hal_uart.o
                                      0x6d396 (size before relaxing)

.comment        0x0000000000000000       0x7b
 .comment       0x0000000000000000       0x7b Core/Src/Key.o
                                         0x7c (size before relaxing)
 .comment       0x000000000000007b       0x7c Core/Src/can.o
 .comment       0x000000000000007b       0x7c Core/Src/gpio.o
 .comment       0x000000000000007b       0x7c Core/Src/led.o
 .comment       0x000000000000007b       0x7c Core/Src/main.o
 .comment       0x000000000000007b       0x7c Core/Src/speaker.o
 .comment       0x000000000000007b       0x7c Core/Src/stm32f1xx_hal_msp.o
 .comment       0x000000000000007b       0x7c Core/Src/stm32f1xx_it.o
 .comment       0x000000000000007b       0x7c Core/Src/system_stm32f1xx.o
 .comment       0x000000000000007b       0x7c Core/Src/tim.o
 .comment       0x000000000000007b       0x7c Core/Src/usart.o
 .comment       0x000000000000007b       0x7c Drivers/STM32F1xx_HAL_Driver/Src/stm32f1xx_hal.o
 .comment       0x000000000000007b       0x7c Drivers/STM32F1xx_HAL_Driver/Src/stm32f1xx_hal_can.o
 .comment       0x000000000000007b       0x7c Drivers/STM32F1xx_HAL_Driver/Src/stm32f1xx_hal_cortex.o
 .comment       0x000000000000007b       0x7c Drivers/STM32F1xx_HAL_Driver/Src/stm32f1xx_hal_gpio.o
 .comment       0x000000000000007b       0x7c Drivers/STM32F1xx_HAL_Driver/Src/stm32f1xx_hal_rcc.o
 .comment       0x000000000000007b       0x7c Drivers/STM32F1xx_HAL_Driver/Src/stm32f1xx_hal_tim.o
 .comment       0x000000000000007b       0x7c Drivers/STM32F1xx_HAL_Driver/Src/stm32f1xx_hal_tim_ex.o
 .comment       0x000000000000007b       0x7c Drivers/STM32F1xx_HAL_Driver/Src/stm32f1xx_hal_uart.o

.debug_frame    0x0000000000000000     0x3924
 .debug_frame   0x0000000000000000      0x130 Core/Src/Key.o
 .debug_frame   0x0000000000000130      0x120 Core/Src/can.o
 .debug_frame   0x0000000000000250       0x98 Core/Src/gpio.o
 .debug_frame   0x00000000000002e8      0x1e4 Core/Src/led.o
 .debug_frame   0x00000000000004cc       0x90 Core/Src/main.o
 .debug_frame   0x000000000000055c      0x128 Core/Src/speaker.o
 .debug_frame   0x0000000000000684       0x38 Core/Src/stm32f1xx_hal_msp.o
 .debug_frame   0x00000000000006bc      0x144 Core/Src/stm32f1xx_it.o
 .debug_frame   0x0000000000000800       0x58 Core/Src/system_stm32f1xx.o
 .debug_frame   0x0000000000000858       0xcc Core/Src/tim.o
 .debug_frame   0x0000000000000924       0x74 Core/Src/usart.o
 .debug_frame   0x0000000000000998      0x334 Drivers/STM32F1xx_HAL_Driver/Src/stm32f1xx_hal.o
 .debug_frame   0x0000000000000ccc      0x5a0 Drivers/STM32F1xx_HAL_Driver/Src/stm32f1xx_hal_can.o
 .debug_frame   0x000000000000126c      0x428 Drivers/STM32F1xx_HAL_Driver/Src/stm32f1xx_hal_cortex.o
 .debug_frame   0x0000000000001694      0x14c Drivers/STM32F1xx_HAL_Driver/Src/stm32f1xx_hal_gpio.o
 .debug_frame   0x00000000000017e0      0x21c Drivers/STM32F1xx_HAL_Driver/Src/stm32f1xx_hal_rcc.o
 .debug_frame   0x00000000000019fc     0x10e8 Drivers/STM32F1xx_HAL_Driver/Src/stm32f1xx_hal_tim.o
 .debug_frame   0x0000000000002ae4      0x5c0 Drivers/STM32F1xx_HAL_Driver/Src/stm32f1xx_hal_tim_ex.o
 .debug_frame   0x00000000000030a4      0x834 Drivers/STM32F1xx_HAL_Driver/Src/stm32f1xx_hal_uart.o
 .debug_frame   0x00000000000038d8       0x2c d:/st/stm32cubeide_1.3.0/stm32cubeide/plugins/com.st.stm32cube.ide.mcu.externaltools.gnu-tools-for-stm32.7-2018-q2-update.win32_1.0.0.201904181610/tools/bin/../lib/gcc/arm-none-eabi/7.3.1/../../../../arm-none-eabi/lib/thumb/v7-m\libc_nano.a(lib_a-init.o)
 .debug_frame   0x0000000000003904       0x20 d:/st/stm32cubeide_1.3.0/stm32cubeide/plugins/com.st.stm32cube.ide.mcu.externaltools.gnu-tools-for-stm32.7-2018-q2-update.win32_1.0.0.201904181610/tools/bin/../lib/gcc/arm-none-eabi/7.3.1/../../../../arm-none-eabi/lib/thumb/v7-m\libc_nano.a(lib_a-memset.o)
